Archive member included to satisfy reference by file (symbol)

D:/STM32CubeIDE_2.0.0/STM32CubeIDE/plugins/com.st.stm32cube.ide.mcu.externaltools.gnu-tools-for-stm32.14.3.rel1.win32_1.0.100.202602081740/tools/bin/../lib/gcc/arm-none-eabi/14.3.1/../../../../arm-none-eabi/lib/thumb/v7e-m+fp/hard\libc_nano.a(libc_a-exit.o)
                              D:/STM32CubeIDE_2.0.0/STM32CubeIDE/plugins/com.st.stm32cube.ide.mcu.externaltools.gnu-tools-for-stm32.14.3.rel1.win32_1.0.100.202602081740/tools/bin/../lib/gcc/arm-none-eabi/14.3.1/../../../../arm-none-eabi/lib/thumb/v7e-m+fp/hard/crt0.o (exit)
D:/STM32CubeIDE_2.0.0/STM32CubeIDE/plugins/com.st.stm32cube.ide.mcu.externaltools.gnu-tools-for-stm32.14.3.rel1.win32_1.0.100.202602081740/tools/bin/../lib/gcc/arm-none-eabi/14.3.1/../../../../arm-none-eabi/lib/thumb/v7e-m+fp/hard\libc_nano.a(libc_a-findfp.o)
                              D:/STM32CubeIDE_2.0.0/STM32CubeIDE/plugins/com.st.stm32cube.ide.mcu.externaltools.gnu-tools-for-stm32.14.3.rel1.win32_1.0.100.202602081740/tools/bin/../lib/gcc/arm-none-eabi/14.3.1/../../../../arm-none-eabi/lib/thumb/v7e-m+fp/hard\libc_nano.a(libc_a-exit.o) (__stdio_exit_handler)
D:/STM32CubeIDE_2.0.0/STM32CubeIDE/plugins/com.st.stm32cube.ide.mcu.externaltools.gnu-tools-for-stm32.14.3.rel1.win32_1.0.100.202602081740/tools/bin/../lib/gcc/arm-none-eabi/14.3.1/../../../../arm-none-eabi/lib/thumb/v7e-m+fp/hard\libc_nano.a(libc_a-fwalk.o)
                              D:/STM32CubeIDE_2.0.0/STM32CubeIDE/plugins/com.st.stm32cube.ide.mcu.externaltools.gnu-tools-for-stm32.14.3.rel1.win32_1.0.100.202602081740/tools/bin/../lib/gcc/arm-none-eabi/14.3.1/../../../../arm-none-eabi/lib/thumb/v7e-m+fp/hard\libc_nano.a(libc_a-findfp.o) (_fwalk_sglue)
D:/STM32CubeIDE_2.0.0/STM32CubeIDE/plugins/com.st.stm32cube.ide.mcu.externaltools.gnu-tools-for-stm32.14.3.rel1.win32_1.0.100.202602081740/tools/bin/../lib/gcc/arm-none-eabi/14.3.1/../../../../arm-none-eabi/lib/thumb/v7e-m+fp/hard\libc_nano.a(libc_a-stdio.o)
                              D:/STM32CubeIDE_2.0.0/STM32CubeIDE/plugins/com.st.stm32cube.ide.mcu.externaltools.gnu-tools-for-stm32.14.3.rel1.win32_1.0.100.202602081740/tools/bin/../lib/gcc/arm-none-eabi/14.3.1/../../../../arm-none-eabi/lib/thumb/v7e-m+fp/hard\libc_nano.a(libc_a-findfp.o) (__sread)
D:/STM32CubeIDE_2.0.0/STM32CubeIDE/plugins/com.st.stm32cube.ide.mcu.externaltools.gnu-tools-for-stm32.14.3.rel1.win32_1.0.100.202602081740/tools/bin/../lib/gcc/arm-none-eabi/14.3.1/../../../../arm-none-eabi/lib/thumb/v7e-m+fp/hard\libc_nano.a(libc_a-memcmp.o)
                              ./Src/wav_player.o (memcmp)
D:/STM32CubeIDE_2.0.0/STM32CubeIDE/plugins/com.st.stm32cube.ide.mcu.externaltools.gnu-tools-for-stm32.14.3.rel1.win32_1.0.100.202602081740/tools/bin/../lib/gcc/arm-none-eabi/14.3.1/../../../../arm-none-eabi/lib/thumb/v7e-m+fp/hard\libc_nano.a(libc_a-memset.o)
                              D:/STM32CubeIDE_2.0.0/STM32CubeIDE/plugins/com.st.stm32cube.ide.mcu.externaltools.gnu-tools-for-stm32.14.3.rel1.win32_1.0.100.202602081740/tools/bin/../lib/gcc/arm-none-eabi/14.3.1/../../../../arm-none-eabi/lib/thumb/v7e-m+fp/hard/crt0.o (memset)
D:/STM32CubeIDE_2.0.0/STM32CubeIDE/plugins/com.st.stm32cube.ide.mcu.externaltools.gnu-tools-for-stm32.14.3.rel1.win32_1.0.100.202602081740/tools/bin/../lib/gcc/arm-none-eabi/14.3.1/../../../../arm-none-eabi/lib/thumb/v7e-m+fp/hard\libc_nano.a(libc_a-closer.o)
                              D:/STM32CubeIDE_2.0.0/STM32CubeIDE/plugins/com.st.stm32cube.ide.mcu.externaltools.gnu-tools-for-stm32.14.3.rel1.win32_1.0.100.202602081740/tools/bin/../lib/gcc/arm-none-eabi/14.3.1/../../../../arm-none-eabi/lib/thumb/v7e-m+fp/hard\libc_nano.a(libc_a-stdio.o) (_close_r)
D:/STM32CubeIDE_2.0.0/STM32CubeIDE/plugins/com.st.stm32cube.ide.mcu.externaltools.gnu-tools-for-stm32.14.3.rel1.win32_1.0.100.202602081740/tools/bin/../lib/gcc/arm-none-eabi/14.3.1/../../../../arm-none-eabi/lib/thumb/v7e-m+fp/hard\libc_nano.a(libc_a-reent.o)
                              D:/STM32CubeIDE_2.0.0/STM32CubeIDE/plugins/com.st.stm32cube.ide.mcu.externaltools.gnu-tools-for-stm32.14.3.rel1.win32_1.0.100.202602081740/tools/bin/../lib/gcc/arm-none-eabi/14.3.1/../../../../arm-none-eabi/lib/thumb/v7e-m+fp/hard\libc_nano.a(libc_a-closer.o) (errno)
D:/STM32CubeIDE_2.0.0/STM32CubeIDE/plugins/com.st.stm32cube.ide.mcu.externaltools.gnu-tools-for-stm32.14.3.rel1.win32_1.0.100.202602081740/tools/bin/../lib/gcc/arm-none-eabi/14.3.1/../../../../arm-none-eabi/lib/thumb/v7e-m+fp/hard\libc_nano.a(libc_a-impure.o)
                              D:/STM32CubeIDE_2.0.0/STM32CubeIDE/plugins/com.st.stm32cube.ide.mcu.externaltools.gnu-tools-for-stm32.14.3.rel1.win32_1.0.100.202602081740/tools/bin/../lib/gcc/arm-none-eabi/14.3.1/../../../../arm-none-eabi/lib/thumb/v7e-m+fp/hard\libc_nano.a(libc_a-reent.o) (_impure_ptr)
[...]
Memory Configuration

Name             Origin             Length             Attributes
CCMRAM           0x10000000         0x00010000         xrw
RAM              0x20000000         0x00020000         xrw
FLASH            0x08000000         0x00100000         xr
*default*        0x00000000         0xffffffff

Linker script and memory map

LOAD D:/STM32CubeIDE_2.0.0/STM32CubeIDE/plugins/com.st.stm32cube.ide.mcu.externaltools.gnu-tools-for-stm32.14.3.rel1.win32_1.0.100.202602081740/tools/bin/../lib/gcc/arm-none-eabi/14.3.1/thumb/v7e-m+fp/hard/crti.o
LOAD D:/STM32CubeIDE_2.0.0/STM32CubeIDE/plugins/com.st.stm32cube.ide.mcu.externaltools.gnu-tools-for-stm32.14.3.rel1.win32_1.0.100.202602081740/tools/bin/../lib/gcc/arm-none-eabi/14.3.1/thumb/v7e-m+fp/hard/crtbegin.o
LOAD D:/STM32CubeIDE_2.0.0/STM32CubeIDE/plugins/com.st.stm32cube.ide.mcu.externaltools.gnu-tools-for-stm32.14.3.rel1.win32_1.0.100.202602081740/tools/bin/../lib/gcc/arm-none-eabi/14.3.1/../../../../arm-none-eabi/lib/thumb/v7e-m+fp/hard/crt0.o
LOAD ./Drivers/STM32F4xx_HAL_Driver/stm32f4xx_hal.o
LOAD ./Drivers/STM32F4xx_HAL_Driver/stm32f4xx_hal_cortex.o
LOAD ./Drivers/STM32F4xx_HAL_Driver/stm32f4xx_hal_dma.o
LOAD ./Drivers/STM32F4xx_HAL_Driver/stm32f4xx_hal_dma_ex.o
LOAD ./Drivers/STM32F4xx_HAL_Driver/stm32f4xx_hal_exti.o
LOAD ./Drivers/STM32F4xx_HAL_Driver/stm32f4xx_hal_flash.o
LOAD ./Drivers/STM32F4xx_HAL_Driver/stm32f4xx_hal_flash_ex.o
LOAD ./Drivers/STM32F4xx_HAL_Driver/stm32f4xx_hal_flash_ramfunc.o
LOAD ./Drivers/STM32F4xx_HAL_Driver/stm32f4xx_hal_gpio.o
LOAD ./Drivers/STM32F4xx_HAL_Driver/stm32f4xx_hal_i2c.o
LOAD ./Drivers/STM32F4xx_HAL_Driver/stm32f4xx_hal_i2c_ex.o
LOAD ./Drivers/STM32F4xx_HAL_Driver/stm32f4xx_hal_i2s.o
LOAD ./Drivers/STM32F4xx_HAL_Driver/stm32f4xx_hal_i2s_ex.o
LOAD ./Drivers/STM32F4xx_HAL_Driver/stm32f4xx_hal_pwr.o
LOAD ./Drivers/STM32F4xx_HAL_Driver/stm32f4xx_hal_pwr_ex.o
LOAD ./Drivers/STM32F4xx_HAL_Driver/stm32f4xx_hal_rcc.o
LOAD ./Drivers/STM32F4xx_HAL_Driver/stm32f4xx_hal_rcc_ex.o
LOAD ./Drivers/STM32F4xx_HAL_Driver/stm32f4xx_hal_spi.o
LOAD ./Src/cs43l22.o
LOAD ./Src/gpio.o
LOAD ./Src/i2c.o
LOAD ./Src/i2s.o
LOAD ./Src/main.o
LOAD ./Src/spi.o
LOAD ./Src/stm32f4xx_hal_msp.o
LOAD ./Src/stm32f4xx_it.o
LOAD ./Src/syscalls.o
LOAD ./Src/sysmem.o
LOAD ./Src/system_stm32f4xx.o
LOAD ./Src/wav_data.o
LOAD ./Src/wav_player.o
LOAD ./Startup/startup_stm32f407vgtx.o
START GROUP
LOAD D:/STM32CubeIDE_2.0.0/STM32CubeIDE/plugins/com.st.stm32cube.ide.mcu.externaltools.gnu-tools-for-stm32.14.3.rel1.win32_1.0.100.202602081740/tools/bin/../lib/gcc/arm-none-eabi/14.3.1/../../../../arm-none-eabi/lib/thumb/v7e-m+fp/hard\libc_nano.a
LOAD D:/STM32CubeIDE_2.0.0/STM32CubeIDE/plugins/com.st.stm32cube.ide.mcu.externaltools.gnu-tools-for-stm32.14.3.rel1.win32_1.0.100.202602081740/tools/bin/../lib/gcc/arm-none-eabi/14.3.1/../../../../arm-none-eabi/lib/thumb/v7e-m+fp/hard\libm.a
END GROUP
START GROUP
LOAD D:/STM32CubeIDE_2.0.0/STM32CubeIDE/plugins/com.st.stm32cube.ide.mcu.externaltools.gnu-tools-for-stm32.14.3.rel1.win32_1.0.100.202602081740/tools/bin/../lib/gcc/arm-none-eabi/14.3.1/thumb/v7e-m+fp/hard\libgcc.a
LOAD D:/STM32CubeIDE_2.0.0/STM32CubeIDE/plugins/com.st.stm32cube.ide.mcu.externaltools.gnu-tools-for-stm32.14.3.rel1.win32_1.0.100.202602081740/tools/bin/../lib/gcc/arm-none-eabi/14.3.1/../../../../arm-none-eabi/lib/thumb/v7e-m+fp/hard\libc_nano.a
END GROUP
START GROUP
LOAD D:/STM32CubeIDE_2.0.0/STM32CubeIDE/plugins/com.st.stm32cube.ide.mcu.externaltools.gnu-tools-for-stm32.14.3.rel1.win32_1.0.100.202602081740/tools/bin/../lib/gcc/arm-none-eabi/14.3.1/thumb/v7e-m+fp/hard\libgcc.a
LOAD D:/STM32CubeIDE_2.0.0/STM32CubeIDE/plugins/com.st.stm32cube.ide.mcu.externaltools.gnu-tools-for-stm32.14.3.rel1.win32_1.0.100.202602081740/tools/bin/../lib/gcc/arm-none-eabi/14.3.1/../../../../arm-none-eabi/lib/thumb/v7e-m+fp/hard\libc_nano.a
LOAD D:/STM32CubeIDE_2.0.0/STM32CubeIDE/plugins/com.st.stm32cube.ide.mcu.externaltools.gnu-tools-for-stm32.14.3.rel1.win32_1.0.100.202602081740/tools/bin/../lib/gcc/arm-none-eabi/14.3.1/../../../../arm-none-eabi/lib/thumb/v7e-m+fp/hard\libnosys.a
END GROUP
START GROUP
LOAD D:/STM32CubeIDE_2.0.0/STM32CubeIDE/plugins/com.st.stm32cube.ide.mcu.externaltools.gnu-tools-for-stm32.14.3.rel1.win32_1.0.100.202602081740/tools/bin/../lib/gcc/arm-none-eabi/14.3.1/thumb/v7e-m+fp/hard\libgcc.a
LOAD D:/STM32CubeIDE_2.0.0/STM32CubeIDE/plugins/com.st.stm32cube.ide.mcu.externaltools.gnu-tools-for-stm32.14.3.rel1.win32_1.0.100.202602081740/tools/bin/../lib/gcc/arm-none-eabi/14.3.1/../../../../arm-none-eabi/lib/thumb/v7e-m+fp/hard\libc_nano.a
LOAD D:/STM32CubeIDE_2.0.0/STM32CubeIDE/plugins/com.st.stm32cube.ide.mcu.externaltools.gnu-tools-for-stm32.14.3.rel1.win32_1.0.100.202602081740/tools/bin/../lib/gcc/arm-none-eabi/14.3.1/../../../../arm-none-eabi/lib/thumb/v7e-m+fp/hard\libnosys.a
END GROUP
LOAD D:/STM32CubeIDE_2.0.0/STM32CubeIDE/plugins/com.st.stm32cube.ide.mcu.externaltools.gnu-tools-for-stm32.14.3.rel1.win32_1.0.100.202602081740/tools/bin/../lib/gcc/arm-none-eabi/14.3.1/thumb/v7e-m+fp/hard/crtend.o
LOAD D:/STM32CubeIDE_2.0.0/STM32CubeIDE/plugins/com.st.stm32cube.ide.mcu.externaltools.gnu-tools-for-stm32.14.3.rel1.win32_1.0.100.202602081740/tools/bin/../lib/gcc/arm-none-eabi/14.3.1/thumb/v7e-m+fp/hard/crtn.o
                0x20020000                        _estack = (ORIGIN (RAM) + LENGTH (RAM))
                0x00000200                        _Min_Heap_Size = 0x200
                0x00000400                        _Min_Stack_Size = 0x400

.isr_vector     0x08000000      0x188
                0x08000000                        . = ALIGN (0x4)
 *(.isr_vector)
 .isr_vector    0x08000000      0x188 ./Startup/startup_stm32f407vgtx.o
                0x08000000                g_pfnVectors
                0x08000188                        . = ALIGN (0x4)

.text           0x08000188     0x43fc
                0x08000188                        . = ALIGN (0x4)
 *(.text)
 .text          0x08000188       0x40 D:/STM32CubeIDE_2.0.0/STM32CubeIDE/plugins/com.st.stm32cube.ide.mcu.externaltools.gnu-tools-for-stm32.14.3.rel1.win32_1.0.100.202602081740/tools/bin/../lib/gcc/arm-none-eabi/14.3.1/thumb/v7e-m+fp/hard/crtbegin.o
 .text          0x080001c8       0x30 D:/STM32CubeIDE_2.0.0/STM32CubeIDE/plugins/com.st.stm32cube.ide.mcu.externaltools.gnu-tools-for-stm32.14.3.rel1.win32_1.0.100.202602081740/tools/bin/../lib/gcc/arm-none-eabi/14.3.1/thumb/v7e-m+fp/hard\libgcc.a(_aeabi_uldivmod.o)
                0x080001c8                __aeabi_uldivmod
 .text          0x080001f8      0x2f8 D:/STM32CubeIDE_2.0.0/STM32CubeIDE/plugins/com.st.stm32cube.ide.mcu.externaltools.gnu-tools-for-stm32.14.3.rel1.win32_1.0.100.202602081740/tools/bin/../lib/gcc/arm-none-eabi/14.3.1/thumb/v7e-m+fp/hard\libgcc.a(_udivmoddi4.o)
                0x080001f8                __udivmoddi4
 .text          0x080004f0        0x4 D:/STM32CubeIDE_2.0.0/STM32CubeIDE/plugins/com.st.stm32cube.ide.mcu.externaltools.gnu-tools-for-stm32.14.3.rel1.win32_1.0.100.202602081740/tools/bin/../lib/gcc/arm-none-eabi/14.3.1/thumb/v7e-m+fp/hard\libgcc.a(_dvmd_tls.o)
                0x080004f0                __aeabi_idiv0
                0x080004f0                __aeabi_ldiv0
 *(.text*)
 .text.HAL_Init
                0x080004f4       0x44 ./Drivers/STM32F4xx_HAL_Driver/stm32f4xx_hal.o
                0x080004f4                HAL_Init
 .text.HAL_InitTick
                0x08000538       0x60 ./Drivers/STM32F4xx_HAL_Driver/stm32f4xx_hal.o
                0x08000538                HAL_InitTick
 .text.HAL_IncTick
                0x08000598       0x28 ./Drivers/STM32F4xx_HAL_Driver/stm32f4xx_hal.o
                0x08000598                HAL_IncTick
 .text.HAL_GetTick
                0x080005c0       0x18 ./Drivers/STM32F4xx_HAL_Driver/stm32f4xx_hal.o
                0x080005c0                HAL_GetTick
 .text.HAL_Delay
                0x080005d8       0x48 ./Drivers/STM32F4xx_HAL_Driver/stm32f4xx_hal.o
                0x080005d8                HAL_Delay
 .text.__NVIC_SetPriorityGrouping
                0x08000620       0x48 ./Drivers/STM32F4xx_HAL_Driver/stm32f4xx_hal_cortex.o
 .text.__NVIC_GetPriorityGrouping
                0x08000668       0x1c ./Drivers/STM32F4xx_HAL_Driver/stm32f4xx_hal_cortex.o
 .text.__NVIC_SetPriority
                0x08000684       0x54 ./Drivers/STM32F4xx_HAL_Driver/stm32f4xx_hal_cortex.o
 .text.NVIC_EncodePriority
                0x080006d8       0x66 ./Drivers/STM32F4xx_HAL_Driver/stm32f4xx_hal_cortex.o
 *fill*         0x0800073e        0x2 
 .text.SysTick_Config
                0x08000740       0x44 ./Drivers/STM32F4xx_HAL_Driver/stm32f4xx_hal_cortex.o
 .text.HAL_NVIC_SetPriorityGrouping
                0x08000784       0x16 ./Drivers/STM32F4xx_HAL_Driver/stm32f4xx_hal_cortex.o
                0x08000784                HAL_NVIC_SetPriorityGrouping
 .text.HAL_NVIC_SetPriority
                0x0800079a       0x38 ./Drivers/STM32F4xx_HAL_Driver/stm32f4xx_hal_cortex.o
                0x0800079a                HAL_NVIC_SetPriority
 .text.HAL_SYSTICK_Config
                0x080007d2       0x18 ./Drivers/STM32F4xx_HAL_Driver/stm32f4xx_hal_cortex.o
                0x080007d2                HAL_SYSTICK_Config
 *fill*         0x080007ea        0x2 
 .text.HAL_GPIO_Init
                0x080007ec      0x338 ./Drivers/STM32F4xx_HAL_Driver/stm32f4xx_hal_gpio.o
                0x080007ec                HAL_GPIO_Init
 .text.HAL_GPIO_WritePin
                0x08000b24       0x32 ./Drivers/STM32F4xx_HAL_Driver/stm32f4xx_hal_gpio.o
                0x08000b24                HAL_GPIO_WritePin
 *fill*         0x08000b56        0x2 
 .text.HAL_I2C_Init
                0x08000b58      0x288 ./Drivers/STM32F4xx_HAL_Driver/stm32f4xx_hal_i2c.o
                0x08000b58                HAL_I2C_Init
 .text.HAL_I2C_Mem_Write
                0x08000de0      0x1f4 ./Drivers/STM32F4xx_HAL_Driver/stm32f4xx_hal_i2c.o
                0x08000de0                HAL_I2C_Mem_Write
 .text.HAL_I2C_Mem_Read
                0x08000fd4      0x464 ./Drivers/STM32F4xx_HAL_Driver/stm32f4xx_hal_i2c.o
                0x08000fd4                HAL_I2C_Mem_Read
 .text.I2C_RequestMemoryWrite
                0x08001438      0x12c ./Drivers/STM32F4xx_HAL_Driver/stm32f4xx_hal_i2c.o
 .text.I2C_RequestMemoryRead
                0x08001564      0x1d0 ./Drivers/STM32F4xx_HAL_Driver/stm32f4xx_hal_i2c.o
 .text.I2C_WaitOnFlagUntilTimeout
                0x08001734       0xf4 ./Drivers/STM32F4xx_HAL_Driver/stm32f4xx_hal_i2c.o
 .text.I2C_WaitOnMasterAddressFlagUntilTimeout
                0x08001828      0x140 ./Drivers/STM32F4xx_HAL_Driver/stm32f4xx_hal_i2c.o
 .text.I2C_WaitOnTXEFlagUntilTimeout
                0x08001968       0x90 ./Drivers/STM32F4xx_HAL_Driver/stm32f4xx_hal_i2c.o
 .text.I2C_WaitOnBTFFlagUntilTimeout
                0x080019f8       0x90 ./Drivers/STM32F4xx_HAL_Driver/stm32f4xx_hal_i2c.o
 .text.I2C_WaitOnRXNEFlagUntilTimeout
                0x08001a88       0xba ./Drivers/STM32F4xx_HAL_Driver/stm32f4xx_hal_i2c.o
 .text.I2C_IsAcknowledgeFailed
                0x08001b42       0x5e ./Drivers/STM32F4xx_HAL_Driver/stm32f4xx_hal_i2c.o
 .text.HAL_I2S_Init
                0x08001ba0      0x280 ./Drivers/STM32F4xx_HAL_Driver/stm32f4xx_hal_i2s.o
                0x08001ba0                HAL_I2S_Init
 .text.HAL_I2S_Transmit
                0x08001e20      0x1da ./Drivers/STM32F4xx_HAL_Driver/stm32f4xx_hal_i2s.o
                0x08001e20                HAL_I2S_Transmit
 .text.HAL_I2S_TxCpltCallback
                0x08001ffa       0x14 ./Drivers/STM32F4xx_HAL_Driver/stm32f4xx_hal_i2s.o
                0x08001ffa                HAL_I2S_TxCpltCallback
 .text.HAL_I2S_RxCpltCallback
                0x0800200e       0x14 ./Drivers/STM32F4xx_HAL_Driver/stm32f4xx_hal_i2s.o
                0x0800200e                HAL_I2S_RxCpltCallback
 .text.HAL_I2S_ErrorCallback
                0x08002022       0x14 ./Drivers/STM32F4xx_HAL_Driver/stm32f4xx_hal_i2s.o
                0x08002022                HAL_I2S_ErrorCallback
 .text.I2S_Transmit_IT
                0x08002036       0x5c ./Drivers/STM32F4xx_HAL_Driver/stm32f4xx_hal_i2s.o
 .text.I2S_Receive_IT
                0x08002092       0x5e ./Drivers/STM32F4xx_HAL_Driver/stm32f4xx_hal_i2s.o
 .text.I2S_IRQHandler
                0x080020f0      0x114 ./Drivers/STM32F4xx_HAL_Driver/stm32f4xx_hal_i2s.o
 .text.I2S_WaitFlagStateUntilTimeout
                0x08002204       0x72 ./Drivers/STM32F4xx_HAL_Driver/stm32f4xx_hal_i2s.o
 *fill*         0x08002276        0x2 
 .text.HAL_I2SEx_FullDuplex_IRQHandler
                0x08002278      0x2a8 ./Drivers/STM32F4xx_HAL_Driver/stm32f4xx_hal_i2s_ex.o
                0x08002278                HAL_I2SEx_FullDuplex_IRQHandler
 .text.HAL_I2SEx_TxRxCpltCallback
                0x08002520       0x14 ./Drivers/STM32F4xx_HAL_Driver/stm32f4xx_hal_i2s_ex.o
                0x08002520                HAL_I2SEx_TxRxCpltCallback
 .text.I2SEx_TxISR_I2S
                0x08002534       0x62 ./Drivers/STM32F4xx_HAL_Driver/stm32f4xx_hal_i2s_ex.o
 *fill*         0x08002596        0x2 
 .text.I2SEx_TxISR_I2SExt
                0x08002598       0x98 ./Drivers/STM32F4xx_HAL_Driver/stm32f4xx_hal_i2s_ex.o
 .text.I2SEx_RxISR_I2S
                0x08002630       0x64 ./Drivers/STM32F4xx_HAL_Driver/stm32f4xx_hal_i2s_ex.o
 .text.I2SEx_RxISR_I2SExt
                0x08002694       0x98 ./Drivers/STM32F4xx_HAL_Driver/stm32f4xx_hal_i2s_ex.o
 .text.HAL_RCC_OscConfig
                0x0800272c      0x4f0 ./Drivers/STM32F4xx_HAL_Driver/stm32f4xx_hal_rcc.o
                0x0800272c                HAL_RCC_OscConfig
 .text.HAL_RCC_ClockConfig
                0x08002c1c      0x1cc ./Drivers/STM32F4xx_HAL_Driver/stm32f4xx_hal_rcc.o
                0x08002c1c                HAL_RCC_ClockConfig
 .text.HAL_RCC_GetSysClockFreq
                0x08002de8      0x20c ./Drivers/STM32F4xx_HAL_Driver/stm32f4xx_hal_rcc.o
                0x08002de8                HAL_RCC_GetSysClockFreq
 .text.HAL_RCC_GetHCLKFreq
                0x08002ff4       0x18 ./Drivers/STM32F4xx_HAL_Driver/stm32f4xx_hal_rcc.o
                0x08002ff4                HAL_RCC_GetHCLKFreq
 .text.HAL_RCC_GetPCLK1Freq
                0x0800300c       0x28 ./Drivers/STM32F4xx_HAL_Driver/stm32f4xx_hal_rcc.o
                0x0800300c                HAL_RCC_GetPCLK1Freq
 .text.HAL_RCCEx_PeriphCLKConfig
                0x08003034      0x1c4 ./Drivers/STM32F4xx_HAL_Driver/stm32f4xx_hal_rcc_ex.o
                0x08003034                HAL_RCCEx_PeriphCLKConfig
 .text.HAL_RCCEx_GetPeriphCLKFreq
                0x080031f8       0xc0 ./Drivers/STM32F4xx_HAL_Driver/stm32f4xx_hal_rcc_ex.o
                0x080031f8                HAL_RCCEx_GetPeriphCLKFreq
 .text.HAL_SPI_Init
                0x080032b8      0x112 ./Drivers/STM32F4xx_HAL_Driver/stm32f4xx_hal_spi.o
                0x080032b8                HAL_SPI_Init
 *fill*         0x080033ca        0x2 
 .text.CS43L22_Init
                0x080033cc      0x120 ./Src/cs43l22.o
                0x080033cc                CS43L22_Init
 .text.CS43L22_SetVolume
                0x080034ec       0x26 ./Src/cs43l22.o
                0x080034ec                CS43L22_SetVolume
 .text.CS43L22_Start
                0x08003512       0x18 ./Src/cs43l22.o
                0x08003512                CS43L22_Start
 *fill*         0x0800352a        0x2 
 .text.CS43L22_WriteRegister
                0x0800352c       0x40 ./Src/cs43l22.o
 .text.MX_GPIO_Init
                0x0800356c      0x238 ./Src/gpio.o
                0x0800356c                MX_GPIO_Init
 .text.MX_I2C1_Init
                0x080037a4       0x5c ./Src/i2c.o
                0x080037a4                MX_I2C1_Init
 .text.HAL_I2C_MspInit
                0x08003800       0x90 ./Src/i2c.o
                0x08003800                HAL_I2C_MspInit
 .text.MX_I2S3_Init
                0x08003890       0x5c ./Src/i2s.o
                0x08003890                MX_I2S3_Init
 .text.HAL_I2S_MspInit
                0x080038ec      0x100 ./Src/i2s.o
                0x080038ec                HAL_I2S_MspInit
 .text.sin_q15_from_phase
                0x080039ec       0x88 ./Src/main.o
 .text.Beep_GenSineEnv
                0x08003a74      0x164 ./Src/main.o
 .text.main     0x08003bd8       0xac ./Src/main.o
                0x08003bd8                main
 .text.SystemClock_Config
                0x08003c84       0xd4 ./Src/main.o
                0x08003c84                SystemClock_Config
 .text.Error_Handler
                0x08003d58        0xc ./Src/main.o
                0x08003d58                Error_Handler
 .text.MX_SPI1_Init
                0x08003d64       0x6c ./Src/spi.o
                0x08003d64                MX_SPI1_Init
 .text.HAL_SPI_MspInit
                0x08003dd0       0x90 ./Src/spi.o
                0x08003dd0                HAL_SPI_MspInit
 .text.HAL_MspInit
                0x08003e60       0x50 ./Src/stm32f4xx_hal_msp.o
                0x08003e60                HAL_MspInit
 .text.NMI_Handler
                0x08003eb0        0x8 ./Src/stm32f4xx_it.o
                0x08003eb0                NMI_Handler
 .text.HardFault_Handler
                0x08003eb8        0x8 ./Src/stm32f4xx_it.o
                0x08003eb8                HardFault_Handler
 .text.MemManage_Handler
                0x08003ec0        0x8 ./Src/stm32f4xx_it.o
                0x08003ec0                MemManage_Handler
 .text.BusFault_Handler
                0x08003ec8        0x8 ./Src/stm32f4xx_it.o
                0x08003ec8                BusFault_Handler
 .text.UsageFault_Handler
                0x08003ed0        0x8 ./Src/stm32f4xx_it.o
                0x08003ed0                UsageFault_Handler
 .text.SVC_Handler
                0x08003ed8        0xe ./Src/stm32f4xx_it.o
                0x08003ed8                SVC_Handler
 .text.DebugMon_Handler
                0x08003ee6        0xe ./Src/stm32f4xx_it.o
                0x08003ee6                DebugMon_Handler
 .text.PendSV_Handler
                0x08003ef4        0xe ./Src/stm32f4xx_it.o
                0x08003ef4                PendSV_Handler
 .text.SysTick_Handler
                0x08003f02        0xc ./Src/stm32f4xx_it.o
                0x08003f02                SysTick_Handler
 *fill*         0x08003f0e        0x2 
 .text.SystemInit
                0x08003f10       0x24 ./Src/system_stm32f4xx.o
                0x08003f10                SystemInit
 .text.wav_write_u32le
                0x08003f34       0x42 ./Src/wav_data.o
 .text.wav_write_u16le
                0x08003f76       0x2e ./Src/wav_data.o
 .text.wav_build_header
                0x08003fa4      0x108 ./Src/wav_data.o
 .text.WAV_Data_Init
                0x080040ac       0x24 ./Src/wav_data.o
                0x080040ac                WAV_Data_Init
 .text.rd_u32le
                0x080040d0       0x38 ./Src/wav_player.o
 .text.rd_u16le
                0x08004108       0x2c ./Src/wav_player.o
 .text.WAV_Player_PlayGenerated
                0x08004134      0x36c ./Src/wav_player.o
                0x08004134                WAV_Player_PlayGenerated
 .text.Reset_Handler
                0x080044a0       0x50 ./Startup/startup_stm32f407vgtx.o
                0x080044a0                Reset_Handler
 .text.Default_Handler
                0x080044f0        0x2 ./Startup/startup_stm32f407vgtx.o
                0x080044f0                RTC_Alarm_IRQHandler
                0x080044f0                HASH_RNG_IRQHandler
                0x080044f0                EXTI2_IRQHandler
                0x080044f0                TIM8_CC_IRQHandler
                0x080044f0                TIM1_CC_IRQHandler
                0x080044f0                DMA2_Stream5_IRQHandler
                0x080044f0                DMA1_Stream5_IRQHandler
                0x080044f0                PVD_IRQHandler
                0x080044f0                SDIO_IRQHandler
                0x080044f0                TAMP_STAMP_IRQHandler
                0x080044f0                CAN2_RX1_IRQHandler
                0x080044f0                EXTI3_IRQHandler
                0x080044f0                TIM8_TRG_COM_TIM14_IRQHandler
                0x080044f0                TIM1_UP_TIM10_IRQHandler
                0x080044f0                TIM8_UP_TIM13_IRQHandler
                0x080044f0                I2C3_ER_IRQHandler
                0x080044f0                EXTI0_IRQHandler
                0x080044f0                I2C2_EV_IRQHandler
                0x080044f0                DMA1_Stream2_IRQHandler
                0x080044f0                CAN1_RX0_IRQHandler
                0x080044f0                FPU_IRQHandler
                0x080044f0                OTG_HS_WKUP_IRQHandler
                0x080044f0                CAN2_SCE_IRQHandler
                0x080044f0                DMA2_Stream2_IRQHandler
                0x080044f0                SPI1_IRQHandler
                0x080044f0                TIM6_DAC_IRQHandler
                0x080044f0                TIM1_BRK_TIM9_IRQHandler
                0x080044f0                DCMI_IRQHandler
                0x080044f0                CAN2_RX0_IRQHandler
                0x080044f0                DMA2_Stream3_IRQHandler
                0x080044f0                USART6_IRQHandler
                0x080044f0                USART3_IRQHandler
                0x080044f0                CAN1_RX1_IRQHandler
                0x080044f0                UART5_IRQHandler
                0x080044f0                DMA2_Stream0_IRQHandler
                0x080044f0                TIM4_IRQHandler
                0x080044f0                I2C1_EV_IRQHandler
                0x080044f0                DMA1_Stream6_IRQHandler
                0x080044f0                DMA1_Stream1_IRQHandler
                0x080044f0                UART4_IRQHandler
                0x080044f0                TIM3_IRQHandler
                0x080044f0                RCC_IRQHandler
                0x080044f0                TIM8_BRK_TIM12_IRQHandler
                0x080044f0                Default_Handler
                0x080044f0                EXTI15_10_IRQHandler
                0x080044f0                ADC_IRQHandler
                0x080044f0                DMA1_Stream7_IRQHandler
                0x080044f0                TIM7_IRQHandler
                0x080044f0                CAN2_TX_IRQHandler
                0x080044f0                TIM5_IRQHandler
                0x080044f0                DMA2_Stream7_IRQHandler
                0x080044f0                I2C3_EV_IRQHandler
                0x080044f0                EXTI9_5_IRQHandler
                0x080044f0                RTC_WKUP_IRQHandler
                0x080044f0                ETH_WKUP_IRQHandler
                0x080044f0                SPI2_IRQHandler
                0x080044f0                OTG_HS_EP1_IN_IRQHandler
                0x080044f0                DMA1_Stream0_IRQHandler
                0x080044f0                CAN1_TX_IRQHandler
                0x080044f0                EXTI4_IRQHandler
                0x080044f0                FSMC_IRQHandler
                0x080044f0                ETH_IRQHandler
                0x080044f0                OTG_HS_EP1_OUT_IRQHandler
                0x080044f0                WWDG_IRQHandler
                0x080044f0                TIM2_IRQHandler
                0x080044f0                OTG_FS_WKUP_IRQHandler
                0x080044f0                TIM1_TRG_COM_TIM11_IRQHandler
                0x080044f0                OTG_HS_IRQHandler
                0x080044f0                EXTI1_IRQHandler
                0x080044f0                USART2_IRQHandler
                0x080044f0                I2C2_ER_IRQHandler
                0x080044f0                DMA2_Stream1_IRQHandler
                0x080044f0                CAN1_SCE_IRQHandler
                0x080044f0                FLASH_IRQHandler
                0x080044f0                DMA2_Stream4_IRQHandler
                0x080044f0                USART1_IRQHandler
                0x080044f0                OTG_FS_IRQHandler
                0x080044f0                SPI3_IRQHandler
                0x080044f0                DMA1_Stream4_IRQHandler
                0x080044f0                I2C1_ER_IRQHandler
                0x080044f0                DMA2_Stream6_IRQHandler
                0x080044f0                DMA1_Stream3_IRQHandler
 .text.memcmp   0x080044f2       0x20 D:/STM32CubeIDE_2.0.0/STM32CubeIDE/plugins/com.st.stm32cube.ide.mcu.externaltools.gnu-tools-for-stm32.14.3.rel1.win32_1.0.100.202602081740/tools/bin/../lib/gcc/arm-none-eabi/14.3.1/../../../../arm-none-eabi/lib/thumb/v7e-m+fp/hard\libc_nano.a(libc_a-memcmp.o)
                0x080044f2                memcmp
 .text.memset   0x08004512       0x10 D:/STM32CubeIDE_2.0.0/STM32CubeIDE/plugins/com.st.stm32cube.ide.mcu.externaltools.gnu-tools-for-stm32.14.3.rel1.win32_1.0.100.202602081740/tools/bin/../lib/gcc/arm-none-eabi/14.3.1/../../../../arm-none-eabi/lib/thumb/v7e-m+fp/hard\libc_nano.a(libc_a-memset.o)
                0x08004512                memset
 *fill*         0x08004522        0x2 
 .text.__libc_init_array
                0x08004524       0x48 D:/STM32CubeIDE_2.0.0/STM32CubeIDE/plugins/com.st.stm32cube.ide.mcu.externaltools.gnu-tools-for-stm32.14.3.rel1.win32_1.0.100.202602081740/tools/bin/../lib/gcc/arm-none-eabi/14.3.1/../../../../arm-none-eabi/lib/thumb/v7e-m+fp/hard\libc_nano.a(libc_a-init.o)
                0x08004524                __libc_init_array
 *(.glue_7)
 .glue_7        0x0800456c        0x0 linker stubs
 *(.glue_7t)
 .glue_7t       0x0800456c        0x0 linker stubs
 *(.eh_frame)
 .eh_frame      0x0800456c        0x0 D:/STM32CubeIDE_2.0.0/STM32CubeIDE/plugins/com.st.stm32cube.ide.mcu.externaltools.gnu-tools-for-stm32.14.3.rel1.win32_1.0.100.202602081740/tools/bin/../lib/gcc/arm-none-eabi/14.3.1/thumb/v7e-m+fp/hard/crtbegin.o
 *(.init)
 .init          0x0800456c        0x4 D:/STM32CubeIDE_2.0.0/STM32CubeIDE/plugins/com.st.stm32cube.ide.mcu.externaltools.gnu-tools-for-stm32.14.3.rel1.win32_1.0.100.202602081740/tools/bin/../lib/gcc/arm-none-eabi/14.3.1/thumb/v7e-m+fp/hard/crti.o
                0x0800456c                _init
 .init          0x08004570        0x8 D:/STM32CubeIDE_2.0.0/STM32CubeIDE/plugins/com.st.stm32cube.ide.mcu.externaltools.gnu-tools-for-stm32.14.3.rel1.win32_1.0.100.202602081740/tools/bin/../lib/gcc/arm-none-eabi/14.3.1/thumb/v7e-m+fp/hard/crtn.o
 *(.fini)
 .fini          0x08004578        0x4 D:/STM32CubeIDE_2.0.0/STM32CubeIDE/plugins/com.st.stm32cube.ide.mcu.externaltools.gnu-tools-for-stm32.14.3.rel1.win32_1.0.100.202602081740/tools/bin/../lib/gcc/arm-none-eabi/14.3.1/thumb/v7e-m+fp/hard/crti.o
                0x08004578                _fini
 .fini          0x0800457c        0x8 D:/STM32CubeIDE_2.0.0/STM32CubeIDE/plugins/com.st.stm32cube.ide.mcu.externaltools.gnu-tools-for-stm32.14.3.rel1.win32_1.0.100.202602081740/tools/bin/../lib/gcc/arm-none-eabi/14.3.1/thumb/v7e-m+fp/hard/crtn.o
                0x08004584                        . = ALIGN (0x4)
                0x08004584                        _etext = .

.vfp11_veneer   0x08004584        0x0
 .vfp11_veneer  0x08004584        0x0 linker stubs

.v4_bx          0x08004584        0x0
 .v4_bx         0x08004584        0x0 linker stubs

.iplt           0x08004584        0x0
 .iplt          0x08004584        0x0 D:/STM32CubeIDE_2.0.0/STM32CubeIDE/plugins/com.st.stm32cube.ide.mcu.externaltools.gnu-tools-for-stm32.14.3.rel1.win32_1.0.100.202602081740/tools/bin/../lib/gcc/arm-none-eabi/14.3.1/thumb/v7e-m+fp/hard/crtbegin.o

.rodata         0x08004584      0x240
                0x08004584                        . = ALIGN (0x4)
 *(.rodata)
 .rodata        0x08004584       0x1d ./Src/wav_player.o
 *(.rodata*)
 *fill*         0x080045a1        0x3 
 .rodata.sin_q15_quarter
                0x080045a4      0x200 ./Src/main.o
 .rodata.AHBPrescTable
                0x080047a4       0x10 ./Src/system_stm32f4xx.o
                0x080047a4                AHBPrescTable
 .rodata.APBPrescTable
                0x080047b4        0x8 ./Src/system_stm32f4xx.o
                0x080047b4                APBPrescTable
 .rodata.g_wav_beep1_size
                0x080047bc        0x4 ./Src/wav_data.o
                0x080047bc                g_wav_beep1_size
 .rodata.g_wav_beep2_size
                0x080047c0        0x4 ./Src/wav_data.o
                0x080047c0                g_wav_beep2_size
                0x080047c4                        . = ALIGN (0x4)

.ARM.extab      0x080047c4        0x0
                0x080047c4                        . = ALIGN (0x4)
 *(.ARM.extab* .gnu.linkonce.armextab.*)
                0x080047c4                        . = ALIGN (0x4)

.ARM            0x080047c4        0x8
                0x080047c4                        . = ALIGN (0x4)
                0x080047c4                        __exidx_start = .
 *(.ARM.exidx*)
 .ARM.exidx     0x080047c4        0x8 D:/STM32CubeIDE_2.0.0/STM32CubeIDE/plugins/com.st.stm32cube.ide.mcu.externaltools.gnu-tools-for-stm32.14.3.rel1.win32_1.0.100.202602081740/tools/bin/../lib/gcc/arm-none-eabi/14.3.1/thumb/v7e-m+fp/hard\libgcc.a(_udivmoddi4.o)
                0x080047cc                        __exidx_end = .
                0x080047cc                        . = ALIGN (0x4)

.preinit_array  0x080047cc        0x0
                0x080047cc                        . = ALIGN (0x4)
                0x080047cc                        PROVIDE (__preinit_array_start = .)
 *(.preinit_array*)
                0x080047cc                        PROVIDE (__preinit_array_end = .)
                0x080047cc                        . = ALIGN (0x4)

.init_array     0x080047cc        0x4
                0x080047cc                        . = ALIGN (0x4)
                0x080047cc                        PROVIDE (__init_array_start = .)
 *(SORT_BY_NAME(.init_array.*))
 *(.init_array*)
 .init_array    0x080047cc        0x4 D:/STM32CubeIDE_2.0.0/STM32CubeIDE/plugins/com.st.stm32cube.ide.mcu.externaltools.gnu-tools-for-stm32.14.3.rel1.win32_1.0.100.202602081740/tools/bin/../lib/gcc/arm-none-eabi/14.3.1/thumb/v7e-m+fp/hard/crtbegin.o
                0x080047d0                        PROVIDE (__init_array_end = .)
                0x080047d0                        . = ALIGN (0x4)

.fini_array     0x080047d0        0x4
                0x080047d0                        . = ALIGN (0x4)
                [!provide]                        PROVIDE (__fini_array_start = .)
 *(SORT_BY_NAME(.fini_array.*))
 *(.fini_array*)
 .fini_array    0x080047d0        0x4 D:/STM32CubeIDE_2.0.0/STM32CubeIDE/plugins/com.st.stm32cube.ide.mcu.externaltools.gnu-tools-for-stm32.14.3.rel1.win32_1.0.100.202602081740/tools/bin/../lib/gcc/arm-none-eabi/14.3.1/thumb/v7e-m+fp/hard/crtbegin.o
                [!provide]                        PROVIDE (__fini_array_end = .)
                0x080047d4                        . = ALIGN (0x4)
                0x080047d4                        _sidata = LOADADDR (.data)

.rel.dyn        0x080047d4        0x0
 .rel.iplt      0x080047d4        0x0 D:/STM32CubeIDE_2.0.0/STM32CubeIDE/plugins/com.st.stm32cube.ide.mcu.externaltools.gnu-tools-for-stm32.14.3.rel1.win32_1.0.100.202602081740/tools/bin/../lib/gcc/arm-none-eabi/14.3.1/thumb/v7e-m+fp/hard/crtbegin.o

.data           0x20000000       0x14 load address 0x080047d4
                0x20000000                        . = ALIGN (0x4)
                0x20000000                        _sdata = .
 *(.data)
 *(.data*)
 .data.uwTickPrio
                0x20000000        0x4 ./Drivers/STM32F4xx_HAL_Driver/stm32f4xx_hal.o
                0x20000000                uwTickPrio
 .data.uwTickFreq
                0x20000004        0x1 ./Drivers/STM32F4xx_HAL_Driver/stm32f4xx_hal.o
                0x20000004                uwTickFreq
 *fill*         0x20000005        0x3 
 .data.SystemCoreClock
                0x20000008        0x4 ./Src/system_stm32f4xx.o
                0x20000008                SystemCoreClock
 .data.g_wav_beep1
                0x2000000c        0x4 ./Src/wav_data.o
                0x2000000c                g_wav_beep1
 .data.g_wav_beep2
                0x20000010        0x4 ./Src/wav_data.o
                0x20000010                g_wav_beep2
 *(.RamFunc)
 *(.RamFunc*)
                0x20000014                        . = ALIGN (0x4)
                0x20000014                        _edata = .
                0x080047e8                        _siccmram = LOADADDR (.ccmram)

.igot.plt       0x20000014        0x0 load address 0x080047e8
 .igot.plt      0x20000014        0x0 D:/STM32CubeIDE_2.0.0/STM32CubeIDE/plugins/com.st.stm32cube.ide.mcu.externaltools.gnu-tools-for-stm32.14.3.rel1.win32_1.0.100.202602081740/tools/bin/../lib/gcc/arm-none-eabi/14.3.1/thumb/v7e-m+fp/hard/crtbegin.o

.ccmram         0x10000000        0x0 load address 0x080047e8
                0x10000000                        . = ALIGN (0x4)
                0x10000000                        _sccmram = .
 *(.ccmram)
 *(.ccmram*)
                0x10000000                        . = ALIGN (0x4)
                0x10000000                        _eccmram = .
                0x10000000                        . = ALIGN (0x4)

.bss            0x20000014      0x16c
                0x20000014                        _sbss = .
                0x20000014                        __bss_start__ = _sbss
 *(.bss)
 .bss           0x20000014       0x1c D:/STM32CubeIDE_2.0.0/STM32CubeIDE/plugins/com.st.stm32cube.ide.mcu.externaltools.gnu-tools-for-stm32.14.3.rel1.win32_1.0.100.202602081740/tools/bin/../lib/gcc/arm-none-eabi/14.3.1/thumb/v7e-m+fp/hard/crtbegin.o
 *(.bss*)
 .bss.uwTick    0x20000030        0x4 ./Drivers/STM32F4xx_HAL_Driver/stm32f4xx_hal.o
                0x20000030                uwTick
 .bss.hi2c1     0x20000034       0x54 ./Src/i2c.o
                0x20000034                hi2c1
 .bss.hi2s3     0x20000088       0x48 ./Src/i2s.o
                0x20000088                hi2s3
 .bss.hspi1     0x200000d0       0x58 ./Src/spi.o
                0x200000d0                hspi1
 .bss.wav_beep1_header
                0x20000128       0x2c ./Src/wav_data.o
 .bss.wav_beep2_header
                0x20000154       0x2c ./Src/wav_data.o
 *(COMMON)
                0x20000180                        . = ALIGN (0x4)
                0x20000180                        _ebss = .
                0x20000180                        __bss_end__ = _ebss

._user_heap_stack
                0x20000180      0x600
                0x20000180                        . = ALIGN (0x8)
                [!provide]                        PROVIDE (end = .)
                0x20000180                        PROVIDE (_end = .)
                0x20000380                        . = (. + _Min_Heap_Size)
 *fill*         0x20000180      0x200 
                0x20000780                        . = (. + _Min_Stack_Size)
 *fill*         0x20000380      0x400 
                0x20000780                        . = ALIGN (0x8)

/DISCARD/
 libc.a(*)
 libm.a(*)
 libgcc.a(*)

.ARM.attributes
                0x00000000       0x30
 *(.ARM.attributes)
 .ARM.attributes
                0x00000000       0x22 D:/STM32CubeIDE_2.0.0/STM32CubeIDE/plugins/com.st.stm32cube.ide.mcu.externaltools.gnu-tools-for-stm32.14.3.rel1.win32_1.0.100.202602081740/tools/bin/../lib/gcc/arm-none-eabi/14.3.1/thumb/v7e-m+fp/hard/crti.o
 .ARM.attributes
                0x00000022       0x34 D:/STM32CubeIDE_2.0.0/STM32CubeIDE/plugins/com.st.stm32cube.ide.mcu.externaltools.gnu-tools-for-stm32.14.3.rel1.win32_1.0.100.202602081740/tools/bin/../lib/gcc/arm-none-eabi/14.3.1/thumb/v7e-m+fp/hard/crtbegin.o
 .ARM.attributes
                0x00000056       0x34 ./Drivers/STM32F4xx_HAL_Driver/stm32f4xx_hal.o
 .ARM.attributes
                0x0000008a       0x34 ./Drivers/STM32F4xx_HAL_Driver/stm32f4xx_hal_cortex.o
 .ARM.attributes
                0x000000be       0x34 ./Drivers/STM32F4xx_HAL_Driver/stm32f4xx_hal_gpio.o
 .ARM.attributes
                0x000000f2       0x34 ./Drivers/STM32F4xx_HAL_Driver/stm32f4xx_hal_i2c.o
 .ARM.attributes
                0x00000126       0x34 ./Drivers/STM32F4xx_HAL_Driver/stm32f4xx_hal_i2s.o
 .ARM.attributes
                0x0000015a       0x34 ./Drivers/STM32F4xx_HAL_Driver/stm32f4xx_hal_i2s_ex.o
 .ARM.attributes
                0x0000018e       0x34 ./Drivers/STM32F4xx_HAL_Driver/stm32f4xx_hal_rcc.o
 .ARM.attributes
                0x000001c2       0x34 ./Drivers/STM32F4xx_HAL_Driver/stm32f4xx_hal_rcc_ex.o
 .ARM.attributes
                0x000001f6       0x34 ./Drivers/STM32F4xx_HAL_Driver/stm32f4xx_hal_spi.o
 .ARM.attributes
                0x0000022a       0x34 ./Src/cs43l22.o
 .ARM.attributes
                0x0000025e       0x34 ./Src/gpio.o
 .ARM.attributes
                0x00000292       0x34 ./Src/i2c.o
 .ARM.attributes
                0x000002c6       0x34 ./Src/i2s.o
 .ARM.attributes
                0x000002fa       0x34 ./Src/main.o
 .ARM.attributes
                0x0000032e       0x34 ./Src/spi.o
 .ARM.attributes
                0x00000362       0x34 ./Src/stm32f4xx_hal_msp.o
 .ARM.attributes
                0x00000396       0x34 ./Src/stm32f4xx_it.o
 .ARM.attributes
                0x000003ca       0x34 ./Src/system_stm32f4xx.o
 .ARM.attributes
                0x000003fe       0x34 ./Src/wav_data.o
 .ARM.attributes
                0x00000432       0x34 ./Src/wav_player.o
 .ARM.attributes
                0x00000466       0x21 ./Startup/startup_stm32f407vgtx.o
 .ARM.attributes
                0x00000487       0x34 D:/STM32CubeIDE_2.0.0/STM32CubeIDE/plugins/com.st.stm32cube.ide.mcu.externaltools.gnu-tools-for-stm32.14.3.rel1.win32_1.0.100.202602081740/tools/bin/../lib/gcc/arm-none-eabi/14.3.1/../../../../arm-none-eabi/lib/thumb/v7e-m+fp/hard\libc_nano.a(libc_a-memcmp.o)
 .ARM.attributes
                0x000004bb       0x34 D:/STM32CubeIDE_2.0.0/STM32CubeIDE/plugins/com.st.stm32cube.ide.mcu.externaltools.gnu-tools-for-stm32.14.3.rel1.win32_1.0.100.202602081740/tools/bin/../lib/gcc/arm-none-eabi/14.3.1/../../../../arm-none-eabi/lib/thumb/v7e-m+fp/hard\libc_nano.a(libc_a-memset.o)
 .ARM.attributes
                0x000004ef       0x34 D:/STM32CubeIDE_2.0.0/STM32CubeIDE/plugins/com.st.stm32cube.ide.mcu.externaltools.gnu-tools-for-stm32.14.3.rel1.win32_1.0.100.202602081740/tools/bin/../lib/gcc/arm-none-eabi/14.3.1/../../../../arm-none-eabi/lib/thumb/v7e-m+fp/hard\libc_nano.a(libc_a-init.o)
 .ARM.attributes
                0x00000523       0x22 D:/STM32CubeIDE_2.0.0/STM32CubeIDE/plugins/com.st.stm32cube.ide.mcu.externaltools.gnu-tools-for-stm32.14.3.rel1.win32_1.0.100.202602081740/tools/bin/../lib/gcc/arm-none-eabi/14.3.1/thumb/v7e-m+fp/hard\libgcc.a(_aeabi_uldivmod.o)
 .ARM.attributes
                0x00000545       0x34 D:/STM32CubeIDE_2.0.0/STM32CubeIDE/plugins/com.st.stm32cube.ide.mcu.externaltools.gnu-tools-for-stm32.14.3.rel1.win32_1.0.100.202602081740/tools/bin/../lib/gcc/arm-none-eabi/14.3.1/thumb/v7e-m+fp/hard\libgcc.a(_udivmoddi4.o)
 .ARM.attributes
                0x00000579       0x22 D:/STM32CubeIDE_2.0.0/STM32CubeIDE/plugins/com.st.stm32cube.ide.mcu.externaltools.gnu-tools-for-stm32.14.3.rel1.win32_1.0.100.202602081740/tools/bin/../lib/gcc/arm-none-eabi/14.3.1/thumb/v7e-m+fp/hard\libgcc.a(_dvmd_tls.o)
 .ARM.attributes
                0x0000059b       0x22 D:/STM32CubeIDE_2.0.0/STM32CubeIDE/plugins/com.st.stm32cube.ide.mcu.externaltools.gnu-tools-for-stm32.14.3.rel1.win32_1.0.100.202602081740/tools/bin/../lib/gcc/arm-none-eabi/14.3.1/thumb/v7e-m+fp/hard/crtn.o
OUTPUT(Audio.elf elf32-littlearm)
LOAD linker stubs
LOAD D:/STM32CubeIDE_2.0.0/STM32CubeIDE/plugins/com.st.stm32cube.ide.mcu.externaltools.gnu-tools-for-stm32.14.3.rel1.win32_1.0.100.202602081740/tools/bin/../lib/gcc/arm-none-eabi/14.3.1/../../../../arm-none-eabi/lib/thumb/v7e-m+fp/hard\libc.a
LOAD D:/STM32CubeIDE_2.0.0/STM32CubeIDE/plugins/com.st.stm32cube.ide.mcu.externaltools.gnu-tools-for-stm32.14.3.rel1.win32_1.0.100.202602081740/tools/bin/../lib/gcc/arm-none-eabi/14.3.1/../../../../arm-none-eabi/lib/thumb/v7e-m+fp/hard\libm.a
LOAD D:/STM32CubeIDE_2.0.0/STM32CubeIDE/plugins/com.st.stm32cube.ide.mcu.externaltools.gnu-tools-for-stm32.14.3.rel1.win32_1.0.100.202602081740/tools/bin/../lib/gcc/arm-none-eabi/14.3.1/thumb/v7e-m+fp/hard\libgcc.a

.debug_info     0x00000000     0xc3b9
 .debug_info    0x00000000      0x944 ./Drivers/STM32F4xx_HAL_Driver/stm32f4xx_hal.o
 .debug_info    0x00000944      0xd8c ./Drivers/STM32F4xx_HAL_Driver/stm32f4xx_hal_cortex.o
 .debug_info    0x000016d0      0x6c3 ./Drivers/STM32F4xx_HAL_Driver/stm32f4xx_hal_gpio.o
 .debug_info    0x00001d93     0x2415 ./Drivers/STM32F4xx_HAL_Driver/stm32f4xx_hal_i2c.o
 .debug_info    0x000041a8      0xe02 ./Drivers/STM32F4xx_HAL_Driver/stm32f4xx_hal_i2s.o
 .debug_info    0x00004faa      0xaae ./Drivers/STM32F4xx_HAL_Driver/stm32f4xx_hal_i2s_ex.o
 .debug_info    0x00005a58      0x8c3 ./Drivers/STM32F4xx_HAL_Driver/stm32f4xx_hal_rcc.o
 .debug_info    0x0000631b      0x536 ./Drivers/STM32F4xx_HAL_Driver/stm32f4xx_hal_rcc_ex.o
 .debug_info    0x00006851     0x1525 ./Drivers/STM32F4xx_HAL_Driver/stm32f4xx_hal_spi.o
 .debug_info    0x00007d76      0x7fb ./Src/cs43l22.o
 .debug_info    0x00008571      0x459 ./Src/gpio.o
 .debug_info    0x000089ca      0x968 ./Src/i2c.o
 .debug_info    0x00009332      0xa26 ./Src/i2s.o
 .debug_info    0x00009d58      0x7fb ./Src/main.o
 .debug_info    0x0000a553      0x94d ./Src/spi.o
 .debug_info    0x0000aea0      0x27c ./Src/stm32f4xx_hal_msp.o
 .debug_info    0x0000b11c      0x112 ./Src/stm32f4xx_it.o
 .debug_info    0x0000b22e      0x512 ./Src/system_stm32f4xx.o
 .debug_info    0x0000b740      0x204 ./Src/wav_data.o
 .debug_info    0x0000b944      0xa45 ./Src/wav_player.o
 .debug_info    0x0000c389       0x30 ./Startup/startup_stm32f407vgtx.o

.debug_abbrev   0x00000000     0x26d2
 .debug_abbrev  0x00000000      0x214 ./Drivers/STM32F4xx_HAL_Driver/stm32f4xx_hal.o
 .debug_abbrev  0x00000214      0x31d ./Drivers/STM32F4xx_HAL_Driver/stm32f4xx_hal_cortex.o
 .debug_abbrev  0x00000531      0x1d4 ./Drivers/STM32F4xx_HAL_Driver/stm32f4xx_hal_gpio.o
 .debug_abbrev  0x00000705      0x2ad ./Drivers/STM32F4xx_HAL_Driver/stm32f4xx_hal_i2c.o
 .debug_abbrev  0x000009b2      0x25d ./Drivers/STM32F4xx_HAL_Driver/stm32f4xx_hal_i2s.o
 .debug_abbrev  0x00000c0f      0x276 ./Drivers/STM32F4xx_HAL_Driver/stm32f4xx_hal_i2s_ex.o
 .debug_abbrev  0x00000e85      0x2b7 ./Drivers/STM32F4xx_HAL_Driver/stm32f4xx_hal_rcc.o
 .debug_abbrev  0x0000113c      0x1b0 ./Drivers/STM32F4xx_HAL_Driver/stm32f4xx_hal_rcc_ex.o
 .debug_abbrev  0x000012ec      0x27a ./Drivers/STM32F4xx_HAL_Driver/stm32f4xx_hal_spi.o
 .debug_abbrev  0x00001566      0x1ee ./Src/cs43l22.o
 .debug_abbrev  0x00001754      0x152 ./Src/gpio.o
 .debug_abbrev  0x000018a6      0x1f1 ./Src/i2c.o
 .debug_abbrev  0x00001a97      0x1ef ./Src/i2s.o
 .debug_abbrev  0x00001c86      0x287 ./Src/main.o
 .debug_abbrev  0x00001f0d      0x1fa ./Src/spi.o
 .debug_abbrev  0x00002107       0xf4 ./Src/stm32f4xx_hal_msp.o
 .debug_abbrev  0x000021fb       0x73 ./Src/stm32f4xx_it.o
 .debug_abbrev  0x0000226e      0x11a ./Src/system_stm32f4xx.o
 .debug_abbrev  0x00002388      0x109 ./Src/wav_data.o
 .debug_abbrev  0x00002491      0x21d ./Src/wav_player.o
 .debug_abbrev  0x000026ae       0x24 ./Startup/startup_stm32f407vgtx.o

.debug_aranges  0x00000000      0xbc8
 .debug_aranges
                0x00000000       0xf0 ./Drivers/STM32F4xx_HAL_Driver/stm32f4xx_hal.o
 .debug_aranges
                0x000000f0      0x130 ./Drivers/STM32F4xx_HAL_Driver/stm32f4xx_hal_cortex.o
 .debug_aranges
                0x00000220       0x58 ./Drivers/STM32F4xx_HAL_Driver/stm32f4xx_hal_gpio.o
 .debug_aranges
                0x00000278      0x2a8 ./Drivers/STM32F4xx_HAL_Driver/stm32f4xx_hal_i2c.o
 .debug_aranges
                0x00000520      0x108 ./Drivers/STM32F4xx_HAL_Driver/stm32f4xx_hal_i2s.o
 .debug_aranges
                0x00000628       0x88 ./Drivers/STM32F4xx_HAL_Driver/stm32f4xx_hal_i2s_ex.o
 .debug_aranges
                0x000006b0       0x88 ./Drivers/STM32F4xx_HAL_Driver/stm32f4xx_hal_rcc.o
 .debug_aranges
                0x00000738       0x48 ./Drivers/STM32F4xx_HAL_Driver/stm32f4xx_hal_rcc_ex.o
 .debug_aranges
                0x00000780      0x1d0 ./Drivers/STM32F4xx_HAL_Driver/stm32f4xx_hal_spi.o
 .debug_aranges
                0x00000950       0x48 ./Src/cs43l22.o
 .debug_aranges
                0x00000998       0x20 ./Src/gpio.o
 .debug_aranges
                0x000009b8       0x30 ./Src/i2c.o
 .debug_aranges
                0x000009e8       0x30 ./Src/i2s.o
 .debug_aranges
                0x00000a18       0x40 ./Src/main.o
 .debug_aranges
                0x00000a58       0x30 ./Src/spi.o
 .debug_aranges
                0x00000a88       0x20 ./Src/stm32f4xx_hal_msp.o
 .debug_aranges
                0x00000aa8       0x60 ./Src/stm32f4xx_it.o
 .debug_aranges
                0x00000b08       0x28 ./Src/system_stm32f4xx.o
 .debug_aranges
                0x00000b30       0x38 ./Src/wav_data.o
 .debug_aranges
                0x00000b68       0x38 ./Src/wav_player.o
 .debug_aranges
                0x00000ba0       0x28 ./Startup/startup_stm32f407vgtx.o

.debug_rnglists
                0x00000000      0x913
 .debug_rnglists
                0x00000000       0xaf ./Drivers/STM32F4xx_HAL_Driver/stm32f4xx_hal.o
 .debug_rnglists
                0x000000af       0xe0 ./Drivers/STM32F4xx_HAL_Driver/stm32f4xx_hal_cortex.o
 .debug_rnglists
                0x0000018f       0x3f ./Drivers/STM32F4xx_HAL_Driver/stm32f4xx_hal_gpio.o
 .debug_rnglists
                0x000001ce      0x23c ./Drivers/STM32F4xx_HAL_Driver/stm32f4xx_hal_i2c.o
 .debug_rnglists
                0x0000040a       0xcc ./Drivers/STM32F4xx_HAL_Driver/stm32f4xx_hal_i2s.o
 .debug_rnglists
                0x000004d6       0x6a ./Drivers/STM32F4xx_HAL_Driver/stm32f4xx_hal_i2s_ex.o
 .debug_rnglists
                0x00000540       0x66 ./Drivers/STM32F4xx_HAL_Driver/stm32f4xx_hal_rcc.o
 .debug_rnglists
                0x000005a6       0x35 ./Drivers/STM32F4xx_HAL_Driver/stm32f4xx_hal_rcc_ex.o
 .debug_rnglists
                0x000005db      0x16f ./Drivers/STM32F4xx_HAL_Driver/stm32f4xx_hal_spi.o
 .debug_rnglists
                0x0000074a       0x32 ./Src/cs43l22.o
 .debug_rnglists
                0x0000077c       0x14 ./Src/gpio.o
 .debug_rnglists
                0x00000790       0x20 ./Src/i2c.o
 .debug_rnglists
                0x000007b0       0x20 ./Src/i2s.o
 .debug_rnglists
                0x000007d0       0x2f ./Src/main.o
 .debug_rnglists
                0x000007ff       0x20 ./Src/spi.o
 .debug_rnglists
                0x0000081f       0x13 ./Src/stm32f4xx_hal_msp.o
 .debug_rnglists
                0x00000832       0x43 ./Src/stm32f4xx_it.o
 .debug_rnglists
                0x00000875       0x1a ./Src/system_stm32f4xx.o
 .debug_rnglists
                0x0000088f       0x26 ./Src/wav_data.o
 .debug_rnglists
                0x000008b5       0x45 ./Src/wav_player.o
 .debug_rnglists
                0x000008fa       0x19 ./Startup/startup_stm32f407vgtx.o

.debug_macro    0x00000000    0x212b2
 .debug_macro   0x00000000      0x24d ./Drivers/STM32F4xx_HAL_Driver/stm32f4xx_hal.o
 .debug_macro   0x0000024d      0xad8 ./Drivers/STM32F4xx_HAL_Driver/stm32f4xx_hal.o
 .debug_macro   0x00000d25      0x2a1 ./Drivers/STM32F4xx_HAL_Driver/stm32f4xx_hal.o
 .debug_macro   0x00000fc6       0x2e ./Drivers/STM32F4xx_HAL_Driver/stm32f4xx_hal.o
 .debug_macro   0x00000ff4       0x2f ./Drivers/STM32F4xx_HAL_Driver/stm32f4xx_hal.o
 .debug_macro   0x00001023       0x22 ./Drivers/STM32F4xx_HAL_Driver/stm32f4xx_hal.o
 .debug_macro   0x00001045       0x8e ./Drivers/STM32F4xx_HAL_Driver/stm32f4xx_hal.o
 .debug_macro   0x000010d3       0x51 ./Drivers/STM32F4xx_HAL_Driver/stm32f4xx_hal.o
 .debug_macro   0x00001124      0x103 ./Drivers/STM32F4xx_HAL_Driver/stm32f4xx_hal.o
 .debug_macro   0x00001227       0x6a ./Drivers/STM32F4xx_HAL_Driver/stm32f4xx_hal.o
 .debug_macro   0x00001291      0x1df ./Drivers/STM32F4xx_HAL_Driver/stm32f4xx_hal.o
 .debug_macro   0x00001470       0x1c ./Drivers/STM32F4xx_HAL_Driver/stm32f4xx_hal.o
 .debug_macro   0x0000148c       0x22 ./Drivers/STM32F4xx_HAL_Driver/stm32f4xx_hal.o
 .debug_macro   0x000014ae       0xfb ./Drivers/STM32F4xx_HAL_Driver/stm32f4xx_hal.o
 .debug_macro   0x000015a9     0x1011 ./Drivers/STM32F4xx_HAL_Driver/stm32f4xx_hal.o
 .debug_macro   0x000025ba      0x11f ./Drivers/STM32F4xx_HAL_Driver/stm32f4xx_hal.o
 .debug_macro   0x000026d9    0x15ea5 ./Drivers/STM32F4xx_HAL_Driver/stm32f4xx_hal.o
 .debug_macro   0x0001857e       0x6d ./Drivers/STM32F4xx_HAL_Driver/stm32f4xx_hal.o
 .debug_macro   0x000185eb     0x3693 ./Drivers/STM32F4xx_HAL_Driver/stm32f4xx_hal.o
 .debug_macro   0x0001bc7e      0x190 ./Drivers/STM32F4xx_HAL_Driver/stm32f4xx_hal.o
 .debug_macro   0x0001be0e       0x5c ./Drivers/STM32F4xx_HAL_Driver/stm32f4xx_hal.o
 .debug_macro   0x0001be6a      0x980 ./Drivers/STM32F4xx_HAL_Driver/stm32f4xx_hal.o
 .debug_macro   0x0001c7ea      0x9e9 ./Drivers/STM32F4xx_HAL_Driver/stm32f4xx_hal.o
 .debug_macro   0x0001d1d3      0x115 ./Drivers/STM32F4xx_HAL_Driver/stm32f4xx_hal.o
 .debug_macro   0x0001d2e8      0x13e ./Drivers/STM32F4xx_HAL_Driver/stm32f4xx_hal.o
 .debug_macro   0x0001d426       0xa5 ./Drivers/STM32F4xx_HAL_Driver/stm32f4xx_hal.o
 .debug_macro   0x0001d4cb      0x174 ./Drivers/STM32F4xx_HAL_Driver/stm32f4xx_hal.o
 .debug_macro   0x0001d63f      0x287 ./Drivers/STM32F4xx_HAL_Driver/stm32f4xx_hal.o
 .debug_macro   0x0001d8c6       0x5f ./Drivers/STM32F4xx_HAL_Driver/stm32f4xx_hal.o
 .debug_macro   0x0001d925      0x236 ./Drivers/STM32F4xx_HAL_Driver/stm32f4xx_hal.o
 .debug_macro   0x0001db5b      0x12c ./Drivers/STM32F4xx_HAL_Driver/stm32f4xx_hal.o
 .debug_macro   0x0001dc87      0x21e ./Drivers/STM32F4xx_HAL_Driver/stm32f4xx_hal.o
 .debug_macro   0x0001dea5       0x2e ./Drivers/STM32F4xx_HAL_Driver/stm32f4xx_hal.o
 .debug_macro   0x0001ded3      0x1b5 ./Drivers/STM32F4xx_HAL_Driver/stm32f4xx_hal.o
 .debug_macro   0x0001e088       0xd6 ./Drivers/STM32F4xx_HAL_Driver/stm32f4xx_hal.o
 .debug_macro   0x0001e15e      0x1a7 ./Drivers/STM32F4xx_HAL_Driver/stm32f4xx_hal.o
 .debug_macro   0x0001e305       0x46 ./Drivers/STM32F4xx_HAL_Driver/stm32f4xx_hal.o
 .debug_macro   0x0001e34b       0x4a ./Drivers/STM32F4xx_HAL_Driver/stm32f4xx_hal.o
 .debug_macro   0x0001e395      0x127 ./Drivers/STM32F4xx_HAL_Driver/stm32f4xx_hal.o
 .debug_macro   0x0001e4bc       0x7e ./Drivers/STM32F4xx_HAL_Driver/stm32f4xx_hal.o
 .debug_macro   0x0001e53a       0x89 ./Drivers/STM32F4xx_HAL_Driver/stm32f4xx_hal.o
 .debug_macro   0x0001e5c3      0x225 ./Drivers/STM32F4xx_HAL_Driver/stm32f4xx_hal.o
 .debug_macro   0x0001e7e8      0x12d ./Drivers/STM32F4xx_HAL_Driver/stm32f4xx_hal.o
 .debug_macro   0x0001e915      0x1ed ./Drivers/STM32F4xx_HAL_Driver/stm32f4xx_hal_cortex.o
 .debug_macro   0x0001eb02      0x1f3 ./Drivers/STM32F4xx_HAL_Driver/stm32f4xx_hal_gpio.o
 .debug_macro   0x0001ecf5      0x23b ./Drivers/STM32F4xx_HAL_Driver/stm32f4xx_hal_i2c.o
 .debug_macro   0x0001ef30      0x1f5 ./Drivers/STM32F4xx_HAL_Driver/stm32f4xx_hal_i2s.o
 .debug_macro   0x0001f125      0x1ed ./Drivers/STM32F4xx_HAL_Driver/stm32f4xx_hal_i2s_ex.o
 .debug_macro   0x0001f312      0x211 ./Drivers/STM32F4xx_HAL_Driver/stm32f4xx_hal_rcc.o
 .debug_macro   0x0001f523      0x1ed ./Drivers/STM32F4xx_HAL_Driver/stm32f4xx_hal_rcc_ex.o
 .debug_macro   0x0001f710      0x1fc ./Drivers/STM32F4xx_HAL_Driver/stm32f4xx_hal_spi.o
 .debug_macro   0x0001f90c      0x21b ./Src/cs43l22.o
 .debug_macro   0x0001fb27      0x190 ./Src/cs43l22.o
 .debug_macro   0x0001fcb7       0xd6 ./Src/cs43l22.o
 .debug_macro   0x0001fd8d      0x206 ./Src/gpio.o
 .debug_macro   0x0001ff93      0x206 ./Src/i2c.o
 .debug_macro   0x00020199      0x206 ./Src/i2s.o
 .debug_macro   0x0002039f      0x23f ./Src/main.o
 .debug_macro   0x000205de       0xdc ./Src/main.o
 .debug_macro   0x000206ba      0x206 ./Src/spi.o
 .debug_macro   0x000208c0      0x1fc ./Src/stm32f4xx_hal_msp.o
 .debug_macro   0x00020abc      0x206 ./Src/stm32f4xx_it.o
 .debug_macro   0x00020cc2      0x1ed ./Src/system_stm32f4xx.o
 .debug_macro   0x00020eaf       0x8a ./Src/wav_data.o
 .debug_macro   0x00020f39      0x2e8 ./Src/wav_player.o
 .debug_macro   0x00021221       0x61 ./Src/wav_player.o
 .debug_macro   0x00021282       0x10 ./Src/wav_player.o
 .debug_macro   0x00021292       0x20 ./Src/wav_player.o

.debug_line     0x00000000    0x12758
 .debug_line    0x00000000      0xb7b ./Drivers/STM32F4xx_HAL_Driver/stm32f4xx_hal.o
 .debug_line    0x00000b7b      0xe48 ./Drivers/STM32F4xx_HAL_Driver/stm32f4xx_hal_cortex.o
 .debug_line    0x000019c3      0xccd ./Drivers/STM32F4xx_HAL_Driver/stm32f4xx_hal_gpio.o
 .debug_line    0x00002690     0x3c25 ./Drivers/STM32F4xx_HAL_Driver/stm32f4xx_hal_i2c.o
 .debug_line    0x000062b5     0x14d0 ./Drivers/STM32F4xx_HAL_Driver/stm32f4xx_hal_i2s.o
 .debug_line    0x00007785     0x13d0 ./Drivers/STM32F4xx_HAL_Driver/stm32f4xx_hal_i2s_ex.o
 .debug_line    0x00008b55      0xf87 ./Drivers/STM32F4xx_HAL_Driver/stm32f4xx_hal_rcc.o
 .debug_line    0x00009adc      0xbe7 ./Drivers/STM32F4xx_HAL_Driver/stm32f4xx_hal_rcc_ex.o
 .debug_line    0x0000a6c3     0x1e13 ./Drivers/STM32F4xx_HAL_Driver/stm32f4xx_hal_spi.o
 .debug_line    0x0000c4d6      0x906 ./Src/cs43l22.o
 .debug_line    0x0000cddc      0x8d7 ./Src/gpio.o
 .debug_line    0x0000d6b3      0x8b6 ./Src/i2c.o
 .debug_line    0x0000df69      0x8de ./Src/i2s.o
 .debug_line    0x0000e847      0xa37 ./Src/main.o
 .debug_line    0x0000f27e      0x8be ./Src/spi.o
 .debug_line    0x0000fb3c      0x849 ./Src/stm32f4xx_hal_msp.o
 .debug_line    0x00010385      0x8f7 ./Src/stm32f4xx_it.o
 .debug_line    0x00010c7c      0x8be ./Src/system_stm32f4xx.o
 .debug_line    0x0001153a      0x4f4 ./Src/wav_data.o
 .debug_line    0x00011a2e      0xcb0 ./Src/wav_player.o
 .debug_line    0x000126de       0x7a ./Startup/startup_stm32f407vgtx.o

.debug_str      0x00000000    0xc6a53
 .debug_str     0x00000000    0xc6a53 ./Drivers/STM32F4xx_HAL_Driver/stm32f4xx_hal.o
                              0xc01af (size before relaxing)
 .debug_str     0x000c6a53    0xbff2b ./Drivers/STM32F4xx_HAL_Driver/stm32f4xx_hal_cortex.o
 .debug_str     0x000c6a53    0xbf7a6 ./Drivers/STM32F4xx_HAL_Driver/stm32f4xx_hal_gpio.o
 .debug_str     0x000c6a53    0xc0649 ./Drivers/STM32F4xx_HAL_Driver/stm32f4xx_hal_i2c.o
 .debug_str     0x000c6a53    0xbfc1c ./Drivers/STM32F4xx_HAL_Driver/stm32f4xx_hal_i2s.o
 .debug_str     0x000c6a53    0xbfb1e ./Drivers/STM32F4xx_HAL_Driver/stm32f4xx_hal_i2s_ex.o
 .debug_str     0x000c6a53    0xbfa5f ./Drivers/STM32F4xx_HAL_Driver/stm32f4xx_hal_rcc.o
 .debug_str     0x000c6a53    0xbf77d ./Drivers/STM32F4xx_HAL_Driver/stm32f4xx_hal_rcc_ex.o
 .debug_str     0x000c6a53    0xbfee9 ./Drivers/STM32F4xx_HAL_Driver/stm32f4xx_hal_spi.o
 .debug_str     0x000c6a53    0xc0532 ./Src/cs43l22.o
 .debug_str     0x000c6a53    0xbfc7f ./Src/gpio.o
 .debug_str     0x000c6a53    0xc019c ./Src/i2c.o
 .debug_str     0x000c6a53    0xc0184 ./Src/i2s.o
 .debug_str     0x000c6a53    0xc03a5 ./Src/main.o
 .debug_str     0x000c6a53    0xc00f9 ./Src/spi.o
 .debug_str     0x000c6a53    0xbfbbf ./Src/stm32f4xx_hal_msp.o
 .debug_str     0x000c6a53    0xbfb28 ./Src/stm32f4xx_it.o
 .debug_str     0x000c6a53    0xbf5ed ./Src/system_stm32f4xx.o
 .debug_str     0x000c6a53     0x423b ./Src/wav_data.o
 .debug_str     0x000c6a53    0xc3223 ./Src/wav_player.o
 .debug_str     0x000c6a53       0x5e ./Startup/startup_stm32f407vgtx.o

.comment        0x00000000       0x43
 .comment       0x00000000       0x43 ./Drivers/STM32F4xx_HAL_Driver/stm32f4xx_hal.o
                                 0x44 (size before relaxing)
 .comment       0x00000043       0x44 ./Drivers/STM32F4xx_HAL_Driver/stm32f4xx_hal_cortex.o
 .comment       0x00000043       0x44 ./Drivers/STM32F4xx_HAL_Driver/stm32f4xx_hal_gpio.o
 .comment       0x00000043       0x44 ./Drivers/STM32F4xx_HAL_Driver/stm32f4xx_hal_i2c.o
 .comment       0x00000043       0x44 ./Drivers/STM32F4xx_HAL_Driver/stm32f4xx_hal_i2s.o
 .comment       0x00000043       0x44 ./Drivers/STM32F4xx_HAL_Driver/stm32f4xx_hal_i2s_ex.o
 .comment       0x00000043       0x44 ./Drivers/STM32F4xx_HAL_Driver/stm32f4xx_hal_rcc.o
 .comment       0x00000043       0x44 ./Drivers/STM32F4xx_HAL_Driver/stm32f4xx_hal_rcc_ex.o
 .comment       0x00000043       0x44 ./Drivers/STM32F4xx_HAL_Driver/stm32f4xx_hal_spi.o
 .comment       0x00000043       0x44 ./Src/cs43l22.o
 .comment       0x00000043       0x44 ./Src/gpio.o
 .comment       0x00000043       0x44 ./Src/i2c.o
 .comment       0x00000043       0x44 ./Src/i2s.o
 .comment       0x00000043       0x44 ./Src/main.o
 .comment       0x00000043       0x44 ./Src/spi.o
 .comment       0x00000043       0x44 ./Src/stm32f4xx_hal_msp.o
 .comment       0x00000043       0x44 ./Src/stm32f4xx_it.o
 .comment       0x00000043       0x44 ./Src/system_stm32f4xx.o
 .comment       0x00000043       0x44 ./Src/wav_data.o
 .comment       0x00000043       0x44 ./Src/wav_player.o

.debug_frame    0x00000000     0x2cb0
 .debug_frame   0x00000000      0x31c ./Drivers/STM32F4xx_HAL_Driver/stm32f4xx_hal.o
 .debug_frame   0x0000031c      0x4b8 ./Drivers/STM32F4xx_HAL_Driver/stm32f4xx_hal_cortex.o
 .debug_frame   0x000007d4      0x130 ./Drivers/STM32F4xx_HAL_Driver/stm32f4xx_hal_gpio.o
 .debug_frame   0x00000904      0xbf4 ./Drivers/STM32F4xx_HAL_Driver/stm32f4xx_hal_i2c.o
 .debug_frame   0x000014f8      0x450 ./Drivers/STM32F4xx_HAL_Driver/stm32f4xx_hal_i2s.o
 .debug_frame   0x00001948      0x214 ./Drivers/STM32F4xx_HAL_Driver/stm32f4xx_hal_i2s_ex.o
 .debug_frame   0x00001b5c      0x1d8 ./Drivers/STM32F4xx_HAL_Driver/stm32f4xx_hal_rcc.o
 .debug_frame   0x00001d34       0xe8 ./Drivers/STM32F4xx_HAL_Driver/stm32f4xx_hal_rcc_ex.o
 .debug_frame   0x00001e1c      0x7e0 ./Drivers/STM32F4xx_HAL_Driver/stm32f4xx_hal_spi.o
 .debug_frame   0x000025fc       0xd4 ./Src/cs43l22.o
 .debug_frame   0x000026d0       0x38 ./Src/gpio.o
 .debug_frame   0x00002708       0x74 ./Src/i2c.o
 .debug_frame   0x0000277c       0x74 ./Src/i2s.o
 .debug_frame   0x000027f0       0xbc ./Src/main.o
 .debug_frame   0x000028ac       0x74 ./Src/spi.o
 .debug_frame   0x00002920       0x34 ./Src/stm32f4xx_hal_msp.o
 .debug_frame   0x00002954       0xf8 ./Src/stm32f4xx_it.o
 .debug_frame   0x00002a4c       0x50 ./Src/system_stm32f4xx.o
 .debug_frame   0x00002a9c       0x98 ./Src/wav_data.o
 .debug_frame   0x00002b34       0xa8 ./Src/wav_player.o
 .debug_frame   0x00002bdc       0x28 D:/STM32CubeIDE_2.0.0/STM32CubeIDE/plugins/com.st.stm32cube.ide.mcu.externaltools.gnu-tools-for-stm32.14.3.rel1.win32_1.0.100.202602081740/tools/bin/../lib/gcc/arm-none-eabi/14.3.1/../../../../arm-none-eabi/lib/thumb/v7e-m+fp/hard\libc_nano.a(libc_a-memcmp.o)
 .debug_frame   0x00002c04       0x20 D:/STM32CubeIDE_2.0.0/STM32CubeIDE/plugins/com.st.stm32cube.ide.mcu.externaltools.gnu-tools-for-stm32.14.3.rel1.win32_1.0.100.202602081740/tools/bin/../lib/gcc/arm-none-eabi/14.3.1/../../../../arm-none-eabi/lib/thumb/v7e-m+fp/hard\libc_nano.a(libc_a-memset.o)
 .debug_frame   0x00002c24       0x2c D:/STM32CubeIDE_2.0.0/STM32CubeIDE/plugins/com.st.stm32cube.ide.mcu.externaltools.gnu-tools-for-stm32.14.3.rel1.win32_1.0.100.202602081740/tools/bin/../lib/gcc/arm-none-eabi/14.3.1/../../../../arm-none-eabi/lib/thumb/v7e-m+fp/hard\libc_nano.a(libc_a-init.o)
 .debug_frame   0x00002c50       0x2c D:/STM32CubeIDE_2.0.0/STM32CubeIDE/plugins/com.st.stm32cube.ide.mcu.externaltools.gnu-tools-for-stm32.14.3.rel1.win32_1.0.100.202602081740/tools/bin/../lib/gcc/arm-none-eabi/14.3.1/thumb/v7e-m+fp/hard\libgcc.a(_aeabi_uldivmod.o)
 .debug_frame   0x00002c7c       0x34 D:/STM32CubeIDE_2.0.0/STM32CubeIDE/plugins/com.st.stm32cube.ide.mcu.externaltools.gnu-tools-for-stm32.14.3.rel1.win32_1.0.100.202602081740/tools/bin/../lib/gcc/arm-none-eabi/14.3.1/thumb/v7e-m+fp/hard\libgcc.a(_udivmoddi4.o)

.debug_line_str
                0x00000000       0x42
 .debug_line_str
                0x00000000       0x42 ./Startup/startup_stm32f407vgtx.o
