Archive member included to satisfy reference by file (symbol)

D:/STM32CubeIDE_2.0.0/STM32CubeIDE/plugins/com.st.stm32cube.ide.mcu.externaltools.gnu-tools-for-stm32.14.3.rel1.win32_1.0.100.202602081740/tools/bin/../lib/gcc/arm-none-eabi/14.3.1/../../../../arm-none-eabi/lib/thumb/v7e-m+fp/hard\libc_nano.a(libc_a-exit.o)
                              D:/STM32CubeIDE_2.0.0/STM32CubeIDE/plugins/com.st.stm32cube.ide.mcu.externaltools.gnu-tools-for-stm32.14.3.rel1.win32_1.0.100.202602081740/tools/bin/../lib/gcc/arm-none-eabi/14.3.1/../../../../arm-none-eabi/lib/thumb/v7e-m+fp/hard/crt0.o (exit)
D:/STM32CubeIDE_2.0.0/STM32CubeIDE/plugins/com.st.stm32cube.ide.mcu.externaltools.gnu-tools-for-stm32.14.3.rel1.win32_1.0.100.202602081740/tools/bin/../lib/gcc/arm-none-eabi/14.3.1/../../../../arm-none-eabi/lib/thumb/v7e-m+fp/hard\libc_nano.a(libc_a-findfp.o)
                              D:/STM32CubeIDE_2.0.0/STM32CubeIDE/plugins/com.st.stm32cube.ide.mcu.externaltools.gnu-tools-for-stm32.14.3.rel1.win32_1.0.100.202602081740/tools/bin/../lib/gcc/arm-none-eabi/14.3.1/../../../../arm-none-eabi/lib/thumb/v7e-m+fp/hard\libc_nano.a(libc_a-exit.o) (__stdio_exit_handler)
D:/STM32CubeIDE_2.0.0/STM32CubeIDE/plugins/com.st.stm32cube.ide.mcu.externaltools.gnu-tools-for-stm32.14.3.rel1.win32_1.0.100.202602081740/tools/bin/../lib/gcc/arm-none-eabi/14.3.1/../../../../arm-none-eabi/lib/thumb/v7e-m+fp/hard\libc_nano.a(libc_a-fwalk.o)
                              D:/STM32CubeIDE_2.0.0/STM32CubeIDE/plugins/com.st.stm32cube.ide.mcu.externaltools.gnu-tools-for-stm32.14.3.rel1.win32_1.0.100.202602081740/tools/bin/../lib/gcc/arm-none-eabi/14.3.1/../../../../arm-none-eabi/lib/thumb/v7e-m+fp/hard\libc_nano.a(libc_a-findfp.o) (_fwalk_sglue)
D:/STM32CubeIDE_2.0.0/STM32CubeIDE/plugins/com.st.stm32cube.ide.mcu.externaltools.gnu-tools-for-stm32.14.3.rel1.win32_1.0.100.202602081740/tools/bin/../lib/gcc/arm-none-eabi/14.3.1/../../../../arm-none-eabi/lib/thumb/v7e-m+fp/hard\libc_nano.a(libc_a-stdio.o)
                              D:/STM32CubeIDE_2.0.0/STM32CubeIDE/plugins/com.st.stm32cube.ide.mcu.externaltools.gnu-tools-for-stm32.14.3.rel1.win32_1.0.100.202602081740/tools/bin/../lib/gcc/arm-none-eabi/14.3.1/../../../../arm-none-eabi/lib/thumb/v7e-m+fp/hard\libc_nano.a(libc_a-findfp.o) (__sread)
D:/STM32CubeIDE_2.0.0/STM32CubeIDE/plugins/com.st.stm32cube.ide.mcu.externaltools.gnu-tools-for-stm32.14.3.rel1.win32_1.0.100.202602081740/tools/bin/../lib/gcc/arm-none-eabi/14.3.1/../../../../arm-none-eabi/lib/thumb/v7e-m+fp/hard\libc_nano.a(libc_a-memcmp.o)
                              ./Src/wav_player.o (memcmp)
D:/STM32CubeIDE_2.0.0/STM32CubeIDE/plugins/com.st.stm32cube.ide.mcu.externaltools.gnu-tools-for-stm32.14.3.rel1.win32_1.0.100.202602081740/tools/bin/../lib/gcc/arm-none-eabi/14.3.1/../../../../arm-none-eabi/lib/thumb/v7e-m+fp/hard\libc_nano.a(libc_a-memset.o)
                              D:/STM32CubeIDE_2.0.0/STM32CubeIDE/plugins/com.st.stm32cube.ide.mcu.externaltools.gnu-tools-for-stm32.14.3.rel1.win32_1.0.100.202602081740/tools/bin/../lib/gcc/arm-none-eabi/14.3.1/../../../../arm-none-eabi/lib/thumb/v7e-m+fp/hard/crt0.o (memset)
D:/STM32CubeIDE_2.0.0/STM32CubeIDE/plugins/com.st.stm32cube.ide.mcu.externaltools.gnu-tools-for-stm32.14.3.rel1.win32_1.0.100.202602081740/tools/bin/../lib/gcc/arm-none-eabi/14.3.1/../../../../arm-none-eabi/lib/thumb/v7e-m+fp/hard\libc_nano.a(libc_a-closer.o)
                              D:/STM32CubeIDE_2.0.0/STM32CubeIDE/plugins/com.st.stm32cube.ide.mcu.externaltools.gnu-tools-for-stm32.14.3.rel1.win32_1.0.100.202602081740/tools/bin/../lib/gcc/arm-none-eabi/14.3.1/../../../../arm-none-eabi/lib/thumb/v7e-m+fp/hard\libc_nano.a(libc_a-stdio.o) (_close_r)
D:/STM32CubeIDE_2.0.0/STM32CubeIDE/plugins/com.st.stm32cube.ide.mcu.externaltools.gnu-tools-for-stm32.14.3.rel1.win32_1.0.100.202602081740/tools/bin/../lib/gcc/arm-none-eabi/14.3.1/../../../../arm-none-eabi/lib/thumb/v7e-m+fp/hard\libc_nano.a(libc_a-reent.o)
                              D:/STM32CubeIDE_2.0.0/STM32CubeIDE/plugins/com.st.stm32cube.ide.mcu.externaltools.gnu-tools-for-stm32.14.3.rel1.win32_1.0.100.202602081740/tools/bin/../lib/gcc/arm-none-eabi/14.3.1/../../../../arm-none-eabi/lib/thumb/v7e-m+fp/hard\libc_nano.a(libc_a-closer.o) (errno)
D:/STM32CubeIDE_2.0.0/STM32CubeIDE/plugins/com.st.stm32cube.ide.mcu.externaltools.gnu-tools-for-stm32.14.3.rel1.win32_1.0.100.202602081740/tools/bin/../lib/gcc/arm-none-eabi/14.3.1/../../../../arm-none-eabi/lib/thumb/v7e-m+fp/hard\libc_nano.a(libc_a-impure.o)
                              D:/STM32CubeIDE_2.0.0/STM32CubeIDE/plugins/com.st.stm32cube.ide.mcu.externaltools.gnu-tools-for-stm32.14.3.rel1.win32_1.0.100.202602081740/tools/bin/../lib/gcc/arm-none-eabi/14.3.1/../../../../arm-none-eabi/lib/thumb/v7e-m+fp/hard\libc_nano.a(libc_a-reent.o) (_impure_ptr)
[...]
Memory Configuration

Name             Origin             Length             Attributes
CCMRAM           0x10000000         0x00010000         xrw
RAM              0x20000000         0x00020000         xrw
FLASH            0x08000000         0x00100000         xr
*default*        0x00000000         0xffffffff

Linker script and memory map

LOAD D:/STM32CubeIDE_2.0.0/STM32CubeIDE/plugins/com.st.stm32cube.ide.mcu.externaltools.gnu-tools-for-stm32.14.3.rel1.win32_1.0.100.202602081740/tools/bin/../lib/gcc/arm-none-eabi/14.3.1/thumb/v7e-m+fp/hard/crti.o
LOAD D:/STM32CubeIDE_2.0.0/STM32CubeIDE/plugins/com.st.stm32cube.ide.mcu.externaltools.gnu-tools-for-stm32.14.3.rel1.win32_1.0.100.202602081740/tools/bin/../lib/gcc/arm-none-eabi/14.3.1/thumb/v7e-m+fp/hard/crtbegin.o
LOAD D:/STM32CubeIDE_2.0.0/STM32CubeIDE/plugins/com.st.stm32cube.ide.mcu.externaltools.gnu-tools-for-stm32.14.3.rel1.win32_1.0.100.202602081740/tools/bin/../lib/gcc/arm-none-eabi/14.3.1/../../../../arm-none-eabi/lib/thumb/v7e-m+fp/hard/crt0.o
LOAD ./Drivers/STM32F4xx_HAL_Driver/stm32f4xx_hal.o
LOAD ./Drivers/STM32F4xx_HAL_Driver/stm32f4xx_hal_cortex.o
LOAD ./Drivers/STM32F4xx_HAL_Driver/stm32f4xx_hal_dma.o
LOAD ./Drivers/STM32F4xx_HAL_Driver/stm32f4xx_hal_dma_ex.o
LOAD ./Drivers/STM32F4xx_HAL_Driver/stm32f4xx_hal_exti.o
LOAD ./Drivers/STM32F4xx_HAL_Driver/stm32f4xx_hal_flash.o
LOAD ./Drivers/STM32F4xx_HAL_Driver/stm32f4xx_hal_flash_ex.o
LOAD ./Drivers/STM32F4xx_HAL_Driver/stm32f4xx_hal_flash_ramfunc.o
LOAD ./Drivers/STM32F4xx_HAL_Driver/stm32f4xx_hal_gpio.o
LOAD ./Drivers/STM32F4xx_HAL_Driver/stm32f4xx_hal_i2c.o
LOAD ./Drivers/STM32F4xx_HAL_Driver/stm32f4xx_hal_i2c_ex.o
LOAD ./Drivers/STM32F4xx_HAL_Driver/stm32f4xx_hal_i2s.o
LOAD ./Drivers/STM32F4xx_HAL_Driver/stm32f4xx_hal_i2s_ex.o
LOAD ./Drivers/STM32F4xx_HAL_Driver/stm32f4xx_hal_pwr.o
LOAD ./Drivers/STM32F4xx_HAL_Driver/stm32f4xx_hal_pwr_ex.o
LOAD ./Drivers/STM32F4xx_HAL_Driver/stm32f4xx_hal_rcc.o
LOAD ./Drivers/STM32F4xx_HAL_Driver/stm32f4xx_hal_rcc_ex.o
LOAD ./Drivers/STM32F4xx_HAL_Driver/stm32f4xx_hal_spi.o
LOAD ./Src/cs43l22.o
LOAD ./Src/gpio.o
LOAD ./Src/i2c.o
LOAD ./Src/i2s.o
LOAD ./Src/main.o
LOAD ./Src/mp3_data.o
LOAD ./Src/mp3_decoder.o
LOAD ./Src/mp3_player.o
LOAD ./Src/spi.o
LOAD ./Src/stm32f4xx_hal_msp.o
LOAD ./Src/stm32f4xx_it.o
LOAD ./Src/syscalls.o
LOAD ./Src/sysmem.o
LOAD ./Src/system_stm32f4xx.o
LOAD ./Src/wav_data.o
LOAD ./Src/wav_player.o
LOAD ./Startup/startup_stm32f407vgtx.o
START GROUP
LOAD D:/STM32CubeIDE_2.0.0/STM32CubeIDE/plugins/com.st.stm32cube.ide.mcu.externaltools.gnu-tools-for-stm32.14.3.rel1.win32_1.0.100.202602081740/tools/bin/../lib/gcc/arm-none-eabi/14.3.1/../../../../arm-none-eabi/lib/thumb/v7e-m+fp/hard\libc_nano.a
LOAD D:/STM32CubeIDE_2.0.0/STM32CubeIDE/plugins/com.st.stm32cube.ide.mcu.externaltools.gnu-tools-for-stm32.14.3.rel1.win32_1.0.100.202602081740/tools/bin/../lib/gcc/arm-none-eabi/14.3.1/../../../../arm-none-eabi/lib/thumb/v7e-m+fp/hard\libm.a
END GROUP
START GROUP
LOAD D:/STM32CubeIDE_2.0.0/STM32CubeIDE/plugins/com.st.stm32cube.ide.mcu.externaltools.gnu-tools-for-stm32.14.3.rel1.win32_1.0.100.202602081740/tools/bin/../lib/gcc/arm-none-eabi/14.3.1/thumb/v7e-m+fp/hard\libgcc.a
LOAD D:/STM32CubeIDE_2.0.0/STM32CubeIDE/plugins/com.st.stm32cube.ide.mcu.externaltools.gnu-tools-for-stm32.14.3.rel1.win32_1.0.100.202602081740/tools/bin/../lib/gcc/arm-none-eabi/14.3.1/../../../../arm-none-eabi/lib/thumb/v7e-m+fp/hard\libc_nano.a
END GROUP
START GROUP
LOAD D:/STM32CubeIDE_2.0.0/STM32CubeIDE/plugins/com.st.stm32cube.ide.mcu.externaltools.gnu-tools-for-stm32.14.3.rel1.win32_1.0.100.202602081740/tools/bin/../lib/gcc/arm-none-eabi/14.3.1/thumb/v7e-m+fp/hard\libgcc.a
LOAD D:/STM32CubeIDE_2.0.0/STM32CubeIDE/plugins/com.st.stm32cube.ide.mcu.externaltools.gnu-tools-for-stm32.14.3.rel1.win32_1.0.100.202602081740/tools/bin/../lib/gcc/arm-none-eabi/14.3.1/../../../../arm-none-eabi/lib/thumb/v7e-m+fp/hard\libc_nano.a
LOAD D:/STM32CubeIDE_2.0.0/STM32CubeIDE/plugins/com.st.stm32cube.ide.mcu.externaltools.gnu-tools-for-stm32.14.3.rel1.win32_1.0.100.202602081740/tools/bin/../lib/gcc/arm-none-eabi/14.3.1/../../../../arm-none-eabi/lib/thumb/v7e-m+fp/hard\libnosys.a
END GROUP
START GROUP
LOAD D:/STM32CubeIDE_2.0.0/STM32CubeIDE/plugins/com.st.stm32cube.ide.mcu.externaltools.gnu-tools-for-stm32.14.3.rel1.win32_1.0.100.202602081740/tools/bin/../lib/gcc/arm-none-eabi/14.3.1/thumb/v7e-m+fp/hard\libgcc.a
LOAD D:/STM32CubeIDE_2.0.0/STM32CubeIDE/plugins/com.st.stm32cube.ide.mcu.externaltools.gnu-tools-for-stm32.14.3.rel1.win32_1.0.100.202602081740/tools/bin/../lib/gcc/arm-none-eabi/14.3.1/../../../../arm-none-eabi/lib/thumb/v7e-m+fp/hard\libc_nano.a
LOAD D:/STM32CubeIDE_2.0.0/STM32CubeIDE/plugins/com.st.stm32cube.ide.mcu.externaltools.gnu-tools-for-stm32.14.3.rel1.win32_1.0.100.202602081740/tools/bin/../lib/gcc/arm-none-eabi/14.3.1/../../../../arm-none-eabi/lib/thumb/v7e-m+fp/hard\libnosys.a
END GROUP
LOAD D:/STM32CubeIDE_2.0.0/STM32CubeIDE/plugins/com.st.stm32cube.ide.mcu.externaltools.gnu-tools-for-stm32.14.3.rel1.win32_1.0.100.202602081740/tools/bin/../lib/gcc/arm-none-eabi/14.3.1/thumb/v7e-m+fp/hard/crtend.o
LOAD D:/STM32CubeIDE_2.0.0/STM32CubeIDE/plugins/com.st.stm32cube.ide.mcu.externaltools.gnu-tools-for-stm32.14.3.rel1.win32_1.0.100.202602081740/tools/bin/../lib/gcc/arm-none-eabi/14.3.1/thumb/v7e-m+fp/hard/crtn.o
                0x20020000                        _estack = (ORIGIN (RAM) + LENGTH (RAM))
                0x00000200                        _Min_Heap_Size = 0x200
                0x00000400                        _Min_Stack_Size = 0x400

.isr_vector     0x08000000      0x188
                0x08000000                        . = ALIGN (0x4)
 *(.isr_vector)
 .isr_vector    0x08000000      0x188 ./Startup/startup_stm32f407vgtx.o
                0x08000000                g_pfnVectors
                0x08000188                        . = ALIGN (0x4)

.text           0x08000188     0x5bcc
                0x08000188                        . = ALIGN (0x4)
 *(.text)
 .text          0x08000188       0x40 D:/STM32CubeIDE_2.0.0/STM32CubeIDE/plugins/com.st.stm32cube.ide.mcu.externaltools.gnu-tools-for-stm32.14.3.rel1.win32_1.0.100.202602081740/tools/bin/../lib/gcc/arm-none-eabi/14.3.1/thumb/v7e-m+fp/hard/crtbegin.o
 .text          0x080001c8       0x30 D:/STM32CubeIDE_2.0.0/STM32CubeIDE/plugins/com.st.stm32cube.ide.mcu.externaltools.gnu-tools-for-stm32.14.3.rel1.win32_1.0.100.202602081740/tools/bin/../lib/gcc/arm-none-eabi/14.3.1/thumb/v7e-m+fp/hard\libgcc.a(_aeabi_uldivmod.o)
                0x080001c8                __aeabi_uldivmod
 .text          0x080001f8      0x2f8 D:/STM32CubeIDE_2.0.0/STM32CubeIDE/plugins/com.st.stm32cube.ide.mcu.externaltools.gnu-tools-for-stm32.14.3.rel1.win32_1.0.100.202602081740/tools/bin/../lib/gcc/arm-none-eabi/14.3.1/thumb/v7e-m+fp/hard\libgcc.a(_udivmoddi4.o)
                0x080001f8                __udivmoddi4
 .text          0x080004f0        0x4 D:/STM32CubeIDE_2.0.0/STM32CubeIDE/plugins/com.st.stm32cube.ide.mcu.externaltools.gnu-tools-for-stm32.14.3.rel1.win32_1.0.100.202602081740/tools/bin/../lib/gcc/arm-none-eabi/14.3.1/thumb/v7e-m+fp/hard\libgcc.a(_dvmd_tls.o)
                0x080004f0                __aeabi_idiv0
                0x080004f0                __aeabi_ldiv0
 *(.text*)
 .text.HAL_Init
                0x080004f4       0x44 ./Drivers/STM32F4xx_HAL_Driver/stm32f4xx_hal.o
                0x080004f4                HAL_Init
 .text.HAL_InitTick
                0x08000538       0x60 ./Drivers/STM32F4xx_HAL_Driver/stm32f4xx_hal.o
                0x08000538                HAL_InitTick
 .text.HAL_IncTick
                0x08000598       0x28 ./Drivers/STM32F4xx_HAL_Driver/stm32f4xx_hal.o
                0x08000598                HAL_IncTick
 .text.HAL_GetTick
                0x080005c0       0x18 ./Drivers/STM32F4xx_HAL_Driver/stm32f4xx_hal.o
                0x080005c0                HAL_GetTick
 .text.HAL_Delay
                0x080005d8       0x48 ./Drivers/STM32F4xx_HAL_Driver/stm32f4xx_hal.o
                0x080005d8                HAL_Delay
 .text.__NVIC_SetPriorityGrouping
                0x08000620       0x48 ./Drivers/STM32F4xx_HAL_Driver/stm32f4xx_hal_cortex.o
 .text.__NVIC_GetPriorityGrouping
                0x08000668       0x1c ./Drivers/STM32F4xx_HAL_Driver/stm32f4xx_hal_cortex.o
 .text.__NVIC_EnableIRQ
                0x08000684       0x3c ./Drivers/STM32F4xx_HAL_Driver/stm32f4xx_hal_cortex.o
 .text.__NVIC_SetPriority
                0x080006c0       0x54 ./Drivers/STM32F4xx_HAL_Driver/stm32f4xx_hal_cortex.o
 .text.NVIC_EncodePriority
                0x08000714       0x66 ./Drivers/STM32F4xx_HAL_Driver/stm32f4xx_hal_cortex.o
 *fill*         0x0800077a        0x2 
 .text.SysTick_Config
                0x0800077c       0x44 ./Drivers/STM32F4xx_HAL_Driver/stm32f4xx_hal_cortex.o
 .text.HAL_NVIC_SetPriorityGrouping
                0x080007c0       0x16 ./Drivers/STM32F4xx_HAL_Driver/stm32f4xx_hal_cortex.o
                0x080007c0                HAL_NVIC_SetPriorityGrouping
 .text.HAL_NVIC_SetPriority
                0x080007d6       0x38 ./Drivers/STM32F4xx_HAL_Driver/stm32f4xx_hal_cortex.o
                0x080007d6                HAL_NVIC_SetPriority
 .text.HAL_NVIC_EnableIRQ
                0x0800080e       0x1c ./Drivers/STM32F4xx_HAL_Driver/stm32f4xx_hal_cortex.o
                0x0800080e                HAL_NVIC_EnableIRQ
 .text.HAL_SYSTICK_Config
                0x0800082a       0x18 ./Drivers/STM32F4xx_HAL_Driver/stm32f4xx_hal_cortex.o
                0x0800082a                HAL_SYSTICK_Config
 *fill*         0x08000842        0x2 
 .text.HAL_DMA_Init
                0x08000844      0x15c ./Drivers/STM32F4xx_HAL_Driver/stm32f4xx_hal_dma.o
                0x08000844                HAL_DMA_Init
 .text.HAL_DMA_Start_IT
                0x080009a0       0xb0 ./Drivers/STM32F4xx_HAL_Driver/stm32f4xx_hal_dma.o
                0x080009a0                HAL_DMA_Start_IT
 .text.HAL_DMA_Abort
                0x08000a50       0xe0 ./Drivers/STM32F4xx_HAL_Driver/stm32f4xx_hal_dma.o
                0x08000a50                HAL_DMA_Abort
 .text.HAL_DMA_IRQHandler
                0x08000b30      0x314 ./Drivers/STM32F4xx_HAL_Driver/stm32f4xx_hal_dma.o
                0x08000b30                HAL_DMA_IRQHandler
 .text.DMA_SetConfig
                0x08000e44       0x5c ./Drivers/STM32F4xx_HAL_Driver/stm32f4xx_hal_dma.o
 .text.DMA_CalcBaseAndBitshift
                0x08000ea0       0x6c ./Drivers/STM32F4xx_HAL_Driver/stm32f4xx_hal_dma.o
 .text.DMA_CheckFifoParam
                0x08000f0c       0xf8 ./Drivers/STM32F4xx_HAL_Driver/stm32f4xx_hal_dma.o
 .text.HAL_GPIO_Init
                0x08001004      0x338 ./Drivers/STM32F4xx_HAL_Driver/stm32f4xx_hal_gpio.o
                0x08001004                HAL_GPIO_Init
 .text.HAL_GPIO_WritePin
                0x0800133c       0x32 ./Drivers/STM32F4xx_HAL_Driver/stm32f4xx_hal_gpio.o
                0x0800133c                HAL_GPIO_WritePin
 *fill*         0x0800136e        0x2 
 .text.HAL_I2C_Init
                0x08001370      0x288 ./Drivers/STM32F4xx_HAL_Driver/stm32f4xx_hal_i2c.o
                0x08001370                HAL_I2C_Init
 .text.HAL_I2C_Mem_Write
                0x080015f8      0x1f4 ./Drivers/STM32F4xx_HAL_Driver/stm32f4xx_hal_i2c.o
                0x080015f8                HAL_I2C_Mem_Write
 .text.HAL_I2C_Mem_Read
                0x080017ec      0x464 ./Drivers/STM32F4xx_HAL_Driver/stm32f4xx_hal_i2c.o
                0x080017ec                HAL_I2C_Mem_Read
 .text.I2C_RequestMemoryWrite
                0x08001c50      0x12c ./Drivers/STM32F4xx_HAL_Driver/stm32f4xx_hal_i2c.o
 .text.I2C_RequestMemoryRead
                0x08001d7c      0x1d0 ./Drivers/STM32F4xx_HAL_Driver/stm32f4xx_hal_i2c.o
 .text.I2C_WaitOnFlagUntilTimeout
                0x08001f4c       0xf4 ./Drivers/STM32F4xx_HAL_Driver/stm32f4xx_hal_i2c.o
 .text.I2C_WaitOnMasterAddressFlagUntilTimeout
                0x08002040      0x140 ./Drivers/STM32F4xx_HAL_Driver/stm32f4xx_hal_i2c.o
 .text.I2C_WaitOnTXEFlagUntilTimeout
                0x08002180       0x90 ./Drivers/STM32F4xx_HAL_Driver/stm32f4xx_hal_i2c.o
 .text.I2C_WaitOnBTFFlagUntilTimeout
                0x08002210       0x90 ./Drivers/STM32F4xx_HAL_Driver/stm32f4xx_hal_i2c.o
 .text.I2C_WaitOnRXNEFlagUntilTimeout
                0x080022a0       0xba ./Drivers/STM32F4xx_HAL_Driver/stm32f4xx_hal_i2c.o
 .text.I2C_IsAcknowledgeFailed
                0x0800235a       0x5e ./Drivers/STM32F4xx_HAL_Driver/stm32f4xx_hal_i2c.o
 .text.HAL_I2S_Init
                0x080023b8      0x280 ./Drivers/STM32F4xx_HAL_Driver/stm32f4xx_hal_i2s.o
                0x080023b8                HAL_I2S_Init
 .text.HAL_I2S_Transmit_DMA
                0x08002638      0x148 ./Drivers/STM32F4xx_HAL_Driver/stm32f4xx_hal_i2s.o
                0x08002638                HAL_I2S_Transmit_DMA
 .text.HAL_I2S_DMAStop
                0x08002780      0x3b4 ./Drivers/STM32F4xx_HAL_Driver/stm32f4xx_hal_i2s.o
                0x08002780                HAL_I2S_DMAStop
 .text.HAL_I2S_RxCpltCallback
                0x08002b34       0x14 ./Drivers/STM32F4xx_HAL_Driver/stm32f4xx_hal_i2s.o
                0x08002b34                HAL_I2S_RxCpltCallback
 .text.HAL_I2S_GetState
                0x08002b48       0x1c ./Drivers/STM32F4xx_HAL_Driver/stm32f4xx_hal_i2s.o
                0x08002b48                HAL_I2S_GetState
 .text.I2S_DMATxCplt
                0x08002b64       0x42 ./Drivers/STM32F4xx_HAL_Driver/stm32f4xx_hal_i2s.o
 .text.I2S_DMATxHalfCplt
                0x08002ba6       0x1c ./Drivers/STM32F4xx_HAL_Driver/stm32f4xx_hal_i2s.o
 .text.I2S_DMAError
                0x08002bc2       0x4c ./Drivers/STM32F4xx_HAL_Driver/stm32f4xx_hal_i2s.o
 .text.I2S_Transmit_IT
                0x08002c0e       0x5c ./Drivers/STM32F4xx_HAL_Driver/stm32f4xx_hal_i2s.o
 .text.I2S_Receive_IT
                0x08002c6a       0x5e ./Drivers/STM32F4xx_HAL_Driver/stm32f4xx_hal_i2s.o
 .text.I2S_IRQHandler
                0x08002cc8      0x114 ./Drivers/STM32F4xx_HAL_Driver/stm32f4xx_hal_i2s.o
 .text.I2S_WaitFlagStateUntilTimeout
                0x08002ddc       0x72 ./Drivers/STM32F4xx_HAL_Driver/stm32f4xx_hal_i2s.o
 *fill*         0x08002e4e        0x2 
 .text.HAL_I2SEx_FullDuplex_IRQHandler
                0x08002e50      0x2a8 ./Drivers/STM32F4xx_HAL_Driver/stm32f4xx_hal_i2s_ex.o
                0x08002e50                HAL_I2SEx_FullDuplex_IRQHandler
 .text.HAL_I2SEx_TxRxCpltCallback
                0x080030f8       0x14 ./Drivers/STM32F4xx_HAL_Driver/stm32f4xx_hal_i2s_ex.o
                0x080030f8                HAL_I2SEx_TxRxCpltCallback
 .text.I2SEx_TxISR_I2S
                0x0800310c       0x62 ./Drivers/STM32F4xx_HAL_Driver/stm32f4xx_hal_i2s_ex.o
 *fill*         0x0800316e        0x2 
 .text.I2SEx_TxISR_I2SExt
                0x08003170       0x98 ./Drivers/STM32F4xx_HAL_Driver/stm32f4xx_hal_i2s_ex.o
 .text.I2SEx_RxISR_I2S
                0x08003208       0x64 ./Drivers/STM32F4xx_HAL_Driver/stm32f4xx_hal_i2s_ex.o
 .text.I2SEx_RxISR_I2SExt
                0x0800326c       0x98 ./Drivers/STM32F4xx_HAL_Driver/stm32f4xx_hal_i2s_ex.o
 .text.HAL_RCC_OscConfig
                0x08003304      0x4f0 ./Drivers/STM32F4xx_HAL_Driver/stm32f4xx_hal_rcc.o
                0x08003304                HAL_RCC_OscConfig
 .text.HAL_RCC_ClockConfig
                0x080037f4      0x1cc ./Drivers/STM32F4xx_HAL_Driver/stm32f4xx_hal_rcc.o
                0x080037f4                HAL_RCC_ClockConfig
 .text.HAL_RCC_GetSysClockFreq
                0x080039c0      0x20c ./Drivers/STM32F4xx_HAL_Driver/stm32f4xx_hal_rcc.o
                0x080039c0                HAL_RCC_GetSysClockFreq
 .text.HAL_RCC_GetHCLKFreq
                0x08003bcc       0x18 ./Drivers/STM32F4xx_HAL_Driver/stm32f4xx_hal_rcc.o
                0x08003bcc                HAL_RCC_GetHCLKFreq
 .text.HAL_RCC_GetPCLK1Freq
                0x08003be4       0x28 ./Drivers/STM32F4xx_HAL_Driver/stm32f4xx_hal_rcc.o
                0x08003be4                HAL_RCC_GetPCLK1Freq
 .text.HAL_RCCEx_PeriphCLKConfig
                0x08003c0c      0x1c4 ./Drivers/STM32F4xx_HAL_Driver/stm32f4xx_hal_rcc_ex.o
                0x08003c0c                HAL_RCCEx_PeriphCLKConfig
 .text.HAL_RCCEx_GetPeriphCLKFreq
                0x08003dd0       0xc0 ./Drivers/STM32F4xx_HAL_Driver/stm32f4xx_hal_rcc_ex.o
                0x08003dd0                HAL_RCCEx_GetPeriphCLKFreq
 .text.HAL_SPI_Init
                0x08003e90      0x112 ./Drivers/STM32F4xx_HAL_Driver/stm32f4xx_hal_spi.o
                0x08003e90                HAL_SPI_Init
 *fill*         0x08003fa2        0x2 
 .text.CS43L22_Init
                0x08003fa4      0x120 ./Src/cs43l22.o
                0x08003fa4                CS43L22_Init
 .text.CS43L22_SetVolume
                0x080040c4       0x26 ./Src/cs43l22.o
                0x080040c4                CS43L22_SetVolume
 .text.CS43L22_Start
                0x080040ea       0x18 ./Src/cs43l22.o
                0x080040ea                CS43L22_Start
 *fill*         0x08004102        0x2 
 .text.CS43L22_WriteRegister
                0x08004104       0x40 ./Src/cs43l22.o
 .text.MX_GPIO_Init
                0x08004144      0x238 ./Src/gpio.o
                0x08004144                MX_GPIO_Init
 .text.MX_I2C1_Init
                0x0800437c       0x5c ./Src/i2c.o
                0x0800437c                MX_I2C1_Init
 .text.HAL_I2C_MspInit
                0x080043d8       0x90 ./Src/i2c.o
                0x080043d8                HAL_I2C_MspInit
 .text.MX_I2S3_Init
                0x08004468       0x5c ./Src/i2s.o
                0x08004468                MX_I2S3_Init
 .text.main     0x080044c4       0xa0 ./Src/main.o
                0x080044c4                main
 .text.SystemClock_Config
                0x08004564       0xd4 ./Src/main.o
                0x08004564                SystemClock_Config
 .text.Error_Handler
                0x08004638        0xc ./Src/main.o
                0x08004638                Error_Handler
 .text.MP3_Data_GetStubBytes
                0x08004644       0x14 ./Src/mp3_data.o
                0x08004644                MP3_Data_GetStubBytes
 .text.MP3_Data_GetStubSize
                0x08004658       0x10 ./Src/mp3_data.o
                0x08004658                MP3_Data_GetStubSize
 .text.mp3_scaffold_sin_q15
                0x08004668       0x80 ./Src/mp3_decoder.o
 .text.mp3_scaffold_note_for_frame
                0x080046e8       0x3c ./Src/mp3_decoder.o
 .text.mp3_scaffold_generate
                0x08004724      0x1c0 ./Src/mp3_decoder.o
 .text.MP3_ByteSource_Init
                0x080048e4       0x32 ./Src/mp3_decoder.o
                0x080048e4                MP3_ByteSource_Init
 .text.MP3_Decoder_Init
                0x08004916       0x50 ./Src/mp3_decoder.o
                0x08004916                MP3_Decoder_Init
 .text.MP3_Decoder_Reset
                0x08004966       0x34 ./Src/mp3_decoder.o
                0x08004966                MP3_Decoder_Reset
 *fill*         0x0800499a        0x2 
 .text.MP3_Decoder_DecodeFrame
                0x0800499c      0x150 ./Src/mp3_decoder.o
                0x0800499c                MP3_Decoder_DecodeFrame
 .text.mp3_write_u32le
                0x08004aec       0x42 ./Src/mp3_player.o
 .text.mp3_write_u16le
                0x08004b2e       0x2e ./Src/mp3_player.o
 .text.MP3_Player_BuildPcmHeader
                0x08004b5c      0x108 ./Src/mp3_player.o
 .text.MP3_Player_Generator
                0x08004c64      0x110 ./Src/mp3_player.o
 .text.MP3_Player_InitFromMemory
                0x08004d74       0x98 ./Src/mp3_player.o
                0x08004d74                MP3_Player_InitFromMemory
 .text.MP3_Player_GetClip
                0x08004e0c       0x4c ./Src/mp3_player.o
                0x08004e0c                MP3_Player_GetClip
 .text.MP3_Player_StartDMA
                0x08004e58       0x2c ./Src/mp3_player.o
                0x08004e58                MP3_Player_StartDMA
 .text.MP3_Player_IsReady
                0x08004e84       0x2c ./Src/mp3_player.o
                0x08004e84                MP3_Player_IsReady
 .text.MX_SPI1_Init
                0x08004eb0       0x6c ./Src/spi.o
                0x08004eb0                MX_SPI1_Init
 .text.HAL_SPI_MspInit
                0x08004f1c       0x90 ./Src/spi.o
                0x08004f1c                HAL_SPI_MspInit
 .text.HAL_MspInit
                0x08004fac       0x50 ./Src/stm32f4xx_hal_msp.o
                0x08004fac                HAL_MspInit
 .text.HAL_I2S_MspInit
                0x08004ffc      0x198 ./Src/stm32f4xx_hal_msp.o
                0x08004ffc                HAL_I2S_MspInit
 .text.NMI_Handler
                0x08005194        0x8 ./Src/stm32f4xx_it.o
                0x08005194                NMI_Handler
 .text.HardFault_Handler
                0x0800519c        0x8 ./Src/stm32f4xx_it.o
                0x0800519c                HardFault_Handler
 .text.MemManage_Handler
                0x080051a4        0x8 ./Src/stm32f4xx_it.o
                0x080051a4                MemManage_Handler
 .text.BusFault_Handler
                0x080051ac        0x8 ./Src/stm32f4xx_it.o
                0x080051ac                BusFault_Handler
 .text.UsageFault_Handler
                0x080051b4        0x8 ./Src/stm32f4xx_it.o
                0x080051b4                UsageFault_Handler
 .text.SVC_Handler
                0x080051bc        0xe ./Src/stm32f4xx_it.o
                0x080051bc                SVC_Handler
 .text.DebugMon_Handler
                0x080051ca        0xe ./Src/stm32f4xx_it.o
                0x080051ca                DebugMon_Handler
 .text.PendSV_Handler
                0x080051d8        0xe ./Src/stm32f4xx_it.o
                0x080051d8                PendSV_Handler
 .text.SysTick_Handler
                0x080051e6        0xc ./Src/stm32f4xx_it.o
                0x080051e6                SysTick_Handler
 *fill*         0x080051f2        0x2 
 .text.DMA1_Stream5_IRQHandler
                0x080051f4       0x14 ./Src/stm32f4xx_it.o
                0x080051f4                DMA1_Stream5_IRQHandler
 .text.SystemInit
                0x08005208       0x24 ./Src/system_stm32f4xx.o
                0x08005208                SystemInit
 .text.wav_write_u32le
                0x0800522c       0x42 ./Src/wav_data.o
 .text.wav_write_u16le
                0x0800526e       0x2e ./Src/wav_data.o
 .text.wav_build_header
                0x0800529c      0x108 ./Src/wav_data.o
 .text.sin_q15_from_phase
                0x080053a4       0x80 ./Src/wav_data.o
 .text.note_frequency_for_frame
                0x08005424       0x3c ./Src/wav_data.o
 .text.Embedded_MP3ish_Generator
                0x08005460      0x268 ./Src/wav_data.o
 .text.WAV_Data_Init
                0x080056c8       0x4c ./Src/wav_data.o
                0x080056c8                WAV_Data_Init
 .text.WAV_Data_GetEmbeddedClip
                0x08005714       0x20 ./Src/wav_data.o
                0x08005714                WAV_Data_GetEmbeddedClip
 .text.rd_u32le
                0x08005734       0x38 ./Src/wav_player.o
 .text.rd_u16le
                0x0800576c       0x2c ./Src/wav_player.o
 .text.WAV_Player_ValidateHeader
                0x08005798      0x144 ./Src/wav_player.o
 .text.WAV_Player_PackPcmToI2S
                0x080058dc       0x7e ./Src/wav_player.o
 *fill*         0x0800595a        0x2 
 .text.WAV_Player_FillDmaHalf
                0x0800595c       0xbc ./Src/wav_player.o
 .text.WAV_Player_StartClipDMA
                0x08005a18       0xe0 ./Src/wav_player.o
                0x08005a18                WAV_Player_StartClipDMA
 .text.WAV_Player_Process
                0x08005af8       0x34 ./Src/wav_player.o
                0x08005af8                WAV_Player_Process
 .text.WAV_Player_IsBusy
                0x08005b2c       0x18 ./Src/wav_player.o
                0x08005b2c                WAV_Player_IsBusy
 .text.WAV_Player_StopDMA
                0x08005b44       0x4c ./Src/wav_player.o
                0x08005b44                WAV_Player_StopDMA
 .text.HAL_I2S_TxHalfCpltCallback
                0x08005b90       0x4c ./Src/wav_player.o
                0x08005b90                HAL_I2S_TxHalfCpltCallback
 .text.HAL_I2S_TxCpltCallback
                0x08005bdc       0x58 ./Src/wav_player.o
                0x08005bdc                HAL_I2S_TxCpltCallback
 .text.HAL_I2S_ErrorCallback
                0x08005c34       0x20 ./Src/wav_player.o
                0x08005c34                HAL_I2S_ErrorCallback
 .text.Reset_Handler
                0x08005c54       0x50 ./Startup/startup_stm32f407vgtx.o
                0x08005c54                Reset_Handler
 .text.Default_Handler
                0x08005ca4        0x2 ./Startup/startup_stm32f407vgtx.o
                0x08005ca4                RTC_Alarm_IRQHandler
                0x08005ca4                HASH_RNG_IRQHandler
                0x08005ca4                EXTI2_IRQHandler
                0x08005ca4                TIM8_CC_IRQHandler
                0x08005ca4                TIM1_CC_IRQHandler
                0x08005ca4                DMA2_Stream5_IRQHandler
                0x08005ca4                PVD_IRQHandler
                0x08005ca4                SDIO_IRQHandler
                0x08005ca4                TAMP_STAMP_IRQHandler
                0x08005ca4                CAN2_RX1_IRQHandler
                0x08005ca4                EXTI3_IRQHandler
                0x08005ca4                TIM8_TRG_COM_TIM14_IRQHandler
                0x08005ca4                TIM1_UP_TIM10_IRQHandler
                0x08005ca4                TIM8_UP_TIM13_IRQHandler
                0x08005ca4                I2C3_ER_IRQHandler
                0x08005ca4                EXTI0_IRQHandler
                0x08005ca4                I2C2_EV_IRQHandler
                0x08005ca4                DMA1_Stream2_IRQHandler
                0x08005ca4                CAN1_RX0_IRQHandler
                0x08005ca4                FPU_IRQHandler
                0x08005ca4                OTG_HS_WKUP_IRQHandler
                0x08005ca4                CAN2_SCE_IRQHandler
                0x08005ca4                DMA2_Stream2_IRQHandler
                0x08005ca4                SPI1_IRQHandler
                0x08005ca4                TIM6_DAC_IRQHandler
                0x08005ca4                TIM1_BRK_TIM9_IRQHandler
                0x08005ca4                DCMI_IRQHandler
                0x08005ca4                CAN2_RX0_IRQHandler
                0x08005ca4                DMA2_Stream3_IRQHandler
                0x08005ca4                USART6_IRQHandler
                0x08005ca4                USART3_IRQHandler
                0x08005ca4                CAN1_RX1_IRQHandler
                0x08005ca4                UART5_IRQHandler
                0x08005ca4                DMA2_Stream0_IRQHandler
                0x08005ca4                TIM4_IRQHandler
                0x08005ca4                I2C1_EV_IRQHandler
                0x08005ca4                DMA1_Stream6_IRQHandler
                0x08005ca4                DMA1_Stream1_IRQHandler
                0x08005ca4                UART4_IRQHandler
                0x08005ca4                TIM3_IRQHandler
                0x08005ca4                RCC_IRQHandler
                0x08005ca4                TIM8_BRK_TIM12_IRQHandler
                0x08005ca4                Default_Handler
                0x08005ca4                EXTI15_10_IRQHandler
                0x08005ca4                ADC_IRQHandler
                0x08005ca4                DMA1_Stream7_IRQHandler
                0x08005ca4                TIM7_IRQHandler
                0x08005ca4                CAN2_TX_IRQHandler
                0x08005ca4                TIM5_IRQHandler
                0x08005ca4                DMA2_Stream7_IRQHandler
                0x08005ca4                I2C3_EV_IRQHandler
                0x08005ca4                EXTI9_5_IRQHandler
                0x08005ca4                RTC_WKUP_IRQHandler
                0x08005ca4                ETH_WKUP_IRQHandler
                0x08005ca4                SPI2_IRQHandler
                0x08005ca4                OTG_HS_EP1_IN_IRQHandler
                0x08005ca4                DMA1_Stream0_IRQHandler
                0x08005ca4                CAN1_TX_IRQHandler
                0x08005ca4                EXTI4_IRQHandler
                0x08005ca4                FSMC_IRQHandler
                0x08005ca4                ETH_IRQHandler
                0x08005ca4                OTG_HS_EP1_OUT_IRQHandler
                0x08005ca4                WWDG_IRQHandler
                0x08005ca4                TIM2_IRQHandler
                0x08005ca4                OTG_FS_WKUP_IRQHandler
                0x08005ca4                TIM1_TRG_COM_TIM11_IRQHandler
                0x08005ca4                OTG_HS_IRQHandler
                0x08005ca4                EXTI1_IRQHandler
                0x08005ca4                USART2_IRQHandler
                0x08005ca4                I2C2_ER_IRQHandler
                0x08005ca4                DMA2_Stream1_IRQHandler
                0x08005ca4                CAN1_SCE_IRQHandler
                0x08005ca4                FLASH_IRQHandler
                0x08005ca4                DMA2_Stream4_IRQHandler
                0x08005ca4                USART1_IRQHandler
                0x08005ca4                OTG_FS_IRQHandler
                0x08005ca4                SPI3_IRQHandler
                0x08005ca4                DMA1_Stream4_IRQHandler
                0x08005ca4                I2C1_ER_IRQHandler
                0x08005ca4                DMA2_Stream6_IRQHandler
                0x08005ca4                DMA1_Stream3_IRQHandler
 .text.memcmp   0x08005ca6       0x20 D:/STM32CubeIDE_2.0.0/STM32CubeIDE/plugins/com.st.stm32cube.ide.mcu.externaltools.gnu-tools-for-stm32.14.3.rel1.win32_1.0.100.202602081740/tools/bin/../lib/gcc/arm-none-eabi/14.3.1/../../../../arm-none-eabi/lib/thumb/v7e-m+fp/hard\libc_nano.a(libc_a-memcmp.o)
                0x08005ca6                memcmp
 .text.memset   0x08005cc6       0x10 D:/STM32CubeIDE_2.0.0/STM32CubeIDE/plugins/com.st.stm32cube.ide.mcu.externaltools.gnu-tools-for-stm32.14.3.rel1.win32_1.0.100.202602081740/tools/bin/../lib/gcc/arm-none-eabi/14.3.1/../../../../arm-none-eabi/lib/thumb/v7e-m+fp/hard\libc_nano.a(libc_a-memset.o)
                0x08005cc6                memset
 *fill*         0x08005cd6        0x2 
 .text.__libc_init_array
                0x08005cd8       0x48 D:/STM32CubeIDE_2.0.0/STM32CubeIDE/plugins/com.st.stm32cube.ide.mcu.externaltools.gnu-tools-for-stm32.14.3.rel1.win32_1.0.100.202602081740/tools/bin/../lib/gcc/arm-none-eabi/14.3.1/../../../../arm-none-eabi/lib/thumb/v7e-m+fp/hard\libc_nano.a(libc_a-init.o)
                0x08005cd8                __libc_init_array
 .text.memcpy   0x08005d20       0x1c D:/STM32CubeIDE_2.0.0/STM32CubeIDE/plugins/com.st.stm32cube.ide.mcu.externaltools.gnu-tools-for-stm32.14.3.rel1.win32_1.0.100.202602081740/tools/bin/../lib/gcc/arm-none-eabi/14.3.1/../../../../arm-none-eabi/lib/thumb/v7e-m+fp/hard\libc_nano.a(libc_a-memcpy-stub.o)
                0x08005d20                memcpy
 *(.glue_7)
 .glue_7        0x08005d3c        0x0 linker stubs
 *(.glue_7t)
 .glue_7t       0x08005d3c        0x0 linker stubs
 *(.eh_frame)
 .eh_frame      0x08005d3c        0x0 D:/STM32CubeIDE_2.0.0/STM32CubeIDE/plugins/com.st.stm32cube.ide.mcu.externaltools.gnu-tools-for-stm32.14.3.rel1.win32_1.0.100.202602081740/tools/bin/../lib/gcc/arm-none-eabi/14.3.1/thumb/v7e-m+fp/hard/crtbegin.o
 *(.init)
 .init          0x08005d3c        0x4 D:/STM32CubeIDE_2.0.0/STM32CubeIDE/plugins/com.st.stm32cube.ide.mcu.externaltools.gnu-tools-for-stm32.14.3.rel1.win32_1.0.100.202602081740/tools/bin/../lib/gcc/arm-none-eabi/14.3.1/thumb/v7e-m+fp/hard/crti.o
                0x08005d3c                _init
 .init          0x08005d40        0x8 D:/STM32CubeIDE_2.0.0/STM32CubeIDE/plugins/com.st.stm32cube.ide.mcu.externaltools.gnu-tools-for-stm32.14.3.rel1.win32_1.0.100.202602081740/tools/bin/../lib/gcc/arm-none-eabi/14.3.1/thumb/v7e-m+fp/hard/crtn.o
 *(.fini)
 .fini          0x08005d48        0x4 D:/STM32CubeIDE_2.0.0/STM32CubeIDE/plugins/com.st.stm32cube.ide.mcu.externaltools.gnu-tools-for-stm32.14.3.rel1.win32_1.0.100.202602081740/tools/bin/../lib/gcc/arm-none-eabi/14.3.1/thumb/v7e-m+fp/hard/crti.o
                0x08005d48                _fini
 .fini          0x08005d4c        0x8 D:/STM32CubeIDE_2.0.0/STM32CubeIDE/plugins/com.st.stm32cube.ide.mcu.externaltools.gnu-tools-for-stm32.14.3.rel1.win32_1.0.100.202602081740/tools/bin/../lib/gcc/arm-none-eabi/14.3.1/thumb/v7e-m+fp/hard/crtn.o
                0x08005d54                        . = ALIGN (0x4)
                0x08005d54                        _etext = .

.vfp11_veneer   0x08005d54        0x0
 .vfp11_veneer  0x08005d54        0x0 linker stubs

.v4_bx          0x08005d54        0x0
 .v4_bx         0x08005d54        0x0 linker stubs

.iplt           0x08005d54        0x0
 .iplt          0x08005d54        0x0 D:/STM32CubeIDE_2.0.0/STM32CubeIDE/plugins/com.st.stm32cube.ide.mcu.externaltools.gnu-tools-for-stm32.14.3.rel1.win32_1.0.100.202602081740/tools/bin/../lib/gcc/arm-none-eabi/14.3.1/thumb/v7e-m+fp/hard/crtbegin.o

.rodata         0x08005d54      0x47c
                0x08005d54                        . = ALIGN (0x4)
 *(.rodata)
 .rodata        0x08005d54       0x1d ./Src/wav_player.o
 *(.rodata*)
 *fill*         0x08005d71        0x3 
 .rodata.flagBitshiftOffset.0
                0x08005d74        0x8 ./Drivers/STM32F4xx_HAL_Driver/stm32f4xx_hal_dma.o
 .rodata.g_mp3_stub_bytes
                0x08005d7c       0x19 ./Src/mp3_data.o
 *fill*         0x08005d95        0x3 
 .rodata.sin_q15_quarter
                0x08005d98      0x200 ./Src/mp3_decoder.o
 .rodata.melodyHz.0
                0x08005f98       0x10 ./Src/mp3_decoder.o
 .rodata.AHBPrescTable
                0x08005fa8       0x10 ./Src/system_stm32f4xx.o
                0x08005fa8                AHBPrescTable
 .rodata.APBPrescTable
                0x08005fb8        0x8 ./Src/system_stm32f4xx.o
                0x08005fb8                APBPrescTable
 .rodata.sin_q15_quarter
                0x08005fc0      0x200 ./Src/wav_data.o
 .rodata.melodyHz.0
                0x080061c0       0x10 ./Src/wav_data.o
                0x080061d0                        . = ALIGN (0x4)

.ARM.extab      0x080061d0        0x0
                0x080061d0                        . = ALIGN (0x4)
 *(.ARM.extab* .gnu.linkonce.armextab.*)
                0x080061d0                        . = ALIGN (0x4)

.ARM            0x080061d0        0x8
                0x080061d0                        . = ALIGN (0x4)
                0x080061d0                        __exidx_start = .
 *(.ARM.exidx*)
 .ARM.exidx     0x080061d0        0x8 D:/STM32CubeIDE_2.0.0/STM32CubeIDE/plugins/com.st.stm32cube.ide.mcu.externaltools.gnu-tools-for-stm32.14.3.rel1.win32_1.0.100.202602081740/tools/bin/../lib/gcc/arm-none-eabi/14.3.1/thumb/v7e-m+fp/hard\libgcc.a(_udivmoddi4.o)
                0x080061d8                        __exidx_end = .
                0x080061d8                        . = ALIGN (0x4)

.preinit_array  0x080061d8        0x0
                0x080061d8                        . = ALIGN (0x4)
                0x080061d8                        PROVIDE (__preinit_array_start = .)
 *(.preinit_array*)
                0x080061d8                        PROVIDE (__preinit_array_end = .)
                0x080061d8                        . = ALIGN (0x4)

.init_array     0x080061d8        0x4
                0x080061d8                        . = ALIGN (0x4)
                0x080061d8                        PROVIDE (__init_array_start = .)
 *(SORT_BY_NAME(.init_array.*))
 *(.init_array*)
 .init_array    0x080061d8        0x4 D:/STM32CubeIDE_2.0.0/STM32CubeIDE/plugins/com.st.stm32cube.ide.mcu.externaltools.gnu-tools-for-stm32.14.3.rel1.win32_1.0.100.202602081740/tools/bin/../lib/gcc/arm-none-eabi/14.3.1/thumb/v7e-m+fp/hard/crtbegin.o
                0x080061dc                        PROVIDE (__init_array_end = .)
                0x080061dc                        . = ALIGN (0x4)

.fini_array     0x080061dc        0x4
                0x080061dc                        . = ALIGN (0x4)
                [!provide]                        PROVIDE (__fini_array_start = .)
 *(SORT_BY_NAME(.fini_array.*))
 *(.fini_array*)
 .fini_array    0x080061dc        0x4 D:/STM32CubeIDE_2.0.0/STM32CubeIDE/plugins/com.st.stm32cube.ide.mcu.externaltools.gnu-tools-for-stm32.14.3.rel1.win32_1.0.100.202602081740/tools/bin/../lib/gcc/arm-none-eabi/14.3.1/thumb/v7e-m+fp/hard/crtbegin.o
                [!provide]                        PROVIDE (__fini_array_end = .)
                0x080061e0                        . = ALIGN (0x4)
                0x080061e0                        _sidata = LOADADDR (.data)

.rel.dyn        0x080061e0        0x0
 .rel.iplt      0x080061e0        0x0 D:/STM32CubeIDE_2.0.0/STM32CubeIDE/plugins/com.st.stm32cube.ide.mcu.externaltools.gnu-tools-for-stm32.14.3.rel1.win32_1.0.100.202602081740/tools/bin/../lib/gcc/arm-none-eabi/14.3.1/thumb/v7e-m+fp/hard/crtbegin.o

.data           0x20000000        0xc load address 0x080061e0
                0x20000000                        . = ALIGN (0x4)
                0x20000000                        _sdata = .
 *(.data)
 *(.data*)
 .data.uwTickPrio
                0x20000000        0x4 ./Drivers/STM32F4xx_HAL_Driver/stm32f4xx_hal.o
                0x20000000                uwTickPrio
 .data.uwTickFreq
                0x20000004        0x1 ./Drivers/STM32F4xx_HAL_Driver/stm32f4xx_hal.o
                0x20000004                uwTickFreq
 *fill*         0x20000005        0x3 
 .data.SystemCoreClock
                0x20000008        0x4 ./Src/system_stm32f4xx.o
                0x20000008                SystemCoreClock
 *(.RamFunc)
 *(.RamFunc*)
                0x2000000c                        . = ALIGN (0x4)
                0x2000000c                        _edata = .
                0x080061ec                        _siccmram = LOADADDR (.ccmram)

.igot.plt       0x2000000c        0x0 load address 0x080061ec
 .igot.plt      0x2000000c        0x0 D:/STM32CubeIDE_2.0.0/STM32CubeIDE/plugins/com.st.stm32cube.ide.mcu.externaltools.gnu-tools-for-stm32.14.3.rel1.win32_1.0.100.202602081740/tools/bin/../lib/gcc/arm-none-eabi/14.3.1/thumb/v7e-m+fp/hard/crtbegin.o

.ccmram         0x10000000        0x0 load address 0x080061ec
                0x10000000                        . = ALIGN (0x4)
                0x10000000                        _sccmram = .
 *(.ccmram)
 *(.ccmram*)
                0x10000000                        . = ALIGN (0x4)
                0x10000000                        _eccmram = .
                0x10000000                        . = ALIGN (0x4)

.bss            0x2000000c     0x102c
                0x2000000c                        _sbss = .
                0x2000000c                        __bss_start__ = _sbss
 *(.bss)
 .bss           0x2000000c       0x1c D:/STM32CubeIDE_2.0.0/STM32CubeIDE/plugins/com.st.stm32cube.ide.mcu.externaltools.gnu-tools-for-stm32.14.3.rel1.win32_1.0.100.202602081740/tools/bin/../lib/gcc/arm-none-eabi/14.3.1/thumb/v7e-m+fp/hard/crtbegin.o
 *(.bss*)
 .bss.uwTick    0x20000028        0x4 ./Drivers/STM32F4xx_HAL_Driver/stm32f4xx_hal.o
                0x20000028                uwTick
 .bss.hi2c1     0x2000002c       0x54 ./Src/i2c.o
                0x2000002c                hi2c1
 .bss.hi2s3     0x20000080       0x48 ./Src/i2s.o
                0x20000080                hi2s3
 .bss.hdma_spi3_tx
                0x200000c8       0x60 ./Src/i2s.o
                0x200000c8                hdma_spi3_tx
 .bss.g_mp3PlayerContext
                0x20000128       0x30 ./Src/main.o
 .bss.g_mp3_scaffold_pcm
                0x20000158      0x200 ./Src/mp3_decoder.o
 .bss.g_mp3_fake_wav_header
                0x20000358       0x2c ./Src/mp3_player.o
 .bss.g_mp3_generator_state
                0x20000384      0x20c ./Src/mp3_player.o
 .bss.hspi1     0x20000590       0x58 ./Src/spi.o
                0x20000590                hspi1
 .bss.embedded_clip_header
                0x200005e8       0x2c ./Src/wav_data.o
 .bss.embedded_song_state
                0x20000614        0x4 ./Src/wav_data.o
 .bss.embedded_clip
                0x20000618       0x14 ./Src/wav_data.o
 .bss.g_dmaState
                0x2000062c        0xc ./Src/wav_player.o
 .bss.g_dmaPcmScratch
                0x20000638      0x200 ./Src/wav_player.o
 .bss.g_dmaTxBuffer
                0x20000838      0x800 ./Src/wav_player.o
 *(COMMON)
                0x20001038                        . = ALIGN (0x4)
                0x20001038                        _ebss = .
                0x20001038                        __bss_end__ = _ebss

._user_heap_stack
                0x20001038      0x600
                0x20001038                        . = ALIGN (0x8)
                [!provide]                        PROVIDE (end = .)
                0x20001038                        PROVIDE (_end = .)
                0x20001238                        . = (. + _Min_Heap_Size)
 *fill*         0x20001038      0x200 
                0x20001638                        . = (. + _Min_Stack_Size)
 *fill*         0x20001238      0x400 
                0x20001638                        . = ALIGN (0x8)

/DISCARD/
 libc.a(*)
 libm.a(*)
 libgcc.a(*)

.ARM.attributes
                0x00000000       0x30
 *(.ARM.attributes)
 .ARM.attributes
                0x00000000       0x22 D:/STM32CubeIDE_2.0.0/STM32CubeIDE/plugins/com.st.stm32cube.ide.mcu.externaltools.gnu-tools-for-stm32.14.3.rel1.win32_1.0.100.202602081740/tools/bin/../lib/gcc/arm-none-eabi/14.3.1/thumb/v7e-m+fp/hard/crti.o
 .ARM.attributes
                0x00000022       0x34 D:/STM32CubeIDE_2.0.0/STM32CubeIDE/plugins/com.st.stm32cube.ide.mcu.externaltools.gnu-tools-for-stm32.14.3.rel1.win32_1.0.100.202602081740/tools/bin/../lib/gcc/arm-none-eabi/14.3.1/thumb/v7e-m+fp/hard/crtbegin.o
 .ARM.attributes
                0x00000056       0x34 ./Drivers/STM32F4xx_HAL_Driver/stm32f4xx_hal.o
 .ARM.attributes
                0x0000008a       0x34 ./Drivers/STM32F4xx_HAL_Driver/stm32f4xx_hal_cortex.o
 .ARM.attributes
                0x000000be       0x34 ./Drivers/STM32F4xx_HAL_Driver/stm32f4xx_hal_dma.o
 .ARM.attributes
                0x000000f2       0x34 ./Drivers/STM32F4xx_HAL_Driver/stm32f4xx_hal_gpio.o
 .ARM.attributes
                0x00000126       0x34 ./Drivers/STM32F4xx_HAL_Driver/stm32f4xx_hal_i2c.o
 .ARM.attributes
                0x0000015a       0x34 ./Drivers/STM32F4xx_HAL_Driver/stm32f4xx_hal_i2s.o
 .ARM.attributes
                0x0000018e       0x34 ./Drivers/STM32F4xx_HAL_Driver/stm32f4xx_hal_i2s_ex.o
 .ARM.attributes
                0x000001c2       0x34 ./Drivers/STM32F4xx_HAL_Driver/stm32f4xx_hal_rcc.o
 .ARM.attributes
                0x000001f6       0x34 ./Drivers/STM32F4xx_HAL_Driver/stm32f4xx_hal_rcc_ex.o
 .ARM.attributes
                0x0000022a       0x34 ./Drivers/STM32F4xx_HAL_Driver/stm32f4xx_hal_spi.o
 .ARM.attributes
                0x0000025e       0x34 ./Src/cs43l22.o
 .ARM.attributes
                0x00000292       0x34 ./Src/gpio.o
 .ARM.attributes
                0x000002c6       0x34 ./Src/i2c.o
 .ARM.attributes
                0x000002fa       0x34 ./Src/i2s.o
 .ARM.attributes
                0x0000032e       0x34 ./Src/main.o
 .ARM.attributes
                0x00000362       0x34 ./Src/mp3_data.o
 .ARM.attributes
                0x00000396       0x34 ./Src/mp3_decoder.o
 .ARM.attributes
                0x000003ca       0x34 ./Src/mp3_player.o
 .ARM.attributes
                0x000003fe       0x34 ./Src/spi.o
 .ARM.attributes
                0x00000432       0x34 ./Src/stm32f4xx_hal_msp.o
 .ARM.attributes
                0x00000466       0x34 ./Src/stm32f4xx_it.o
 .ARM.attributes
                0x0000049a       0x34 ./Src/system_stm32f4xx.o
 .ARM.attributes
                0x000004ce       0x34 ./Src/wav_data.o
 .ARM.attributes
                0x00000502       0x34 ./Src/wav_player.o
 .ARM.attributes
                0x00000536       0x21 ./Startup/startup_stm32f407vgtx.o
 .ARM.attributes
                0x00000557       0x34 D:/STM32CubeIDE_2.0.0/STM32CubeIDE/plugins/com.st.stm32cube.ide.mcu.externaltools.gnu-tools-for-stm32.14.3.rel1.win32_1.0.100.202602081740/tools/bin/../lib/gcc/arm-none-eabi/14.3.1/../../../../arm-none-eabi/lib/thumb/v7e-m+fp/hard\libc_nano.a(libc_a-memcmp.o)
 .ARM.attributes
                0x0000058b       0x34 D:/STM32CubeIDE_2.0.0/STM32CubeIDE/plugins/com.st.stm32cube.ide.mcu.externaltools.gnu-tools-for-stm32.14.3.rel1.win32_1.0.100.202602081740/tools/bin/../lib/gcc/arm-none-eabi/14.3.1/../../../../arm-none-eabi/lib/thumb/v7e-m+fp/hard\libc_nano.a(libc_a-memset.o)
 .ARM.attributes
                0x000005bf       0x34 D:/STM32CubeIDE_2.0.0/STM32CubeIDE/plugins/com.st.stm32cube.ide.mcu.externaltools.gnu-tools-for-stm32.14.3.rel1.win32_1.0.100.202602081740/tools/bin/../lib/gcc/arm-none-eabi/14.3.1/../../../../arm-none-eabi/lib/thumb/v7e-m+fp/hard\libc_nano.a(libc_a-init.o)
 .ARM.attributes
                0x000005f3       0x34 D:/STM32CubeIDE_2.0.0/STM32CubeIDE/plugins/com.st.stm32cube.ide.mcu.externaltools.gnu-tools-for-stm32.14.3.rel1.win32_1.0.100.202602081740/tools/bin/../lib/gcc/arm-none-eabi/14.3.1/../../../../arm-none-eabi/lib/thumb/v7e-m+fp/hard\libc_nano.a(libc_a-memcpy-stub.o)
 .ARM.attributes
                0x00000627       0x22 D:/STM32CubeIDE_2.0.0/STM32CubeIDE/plugins/com.st.stm32cube.ide.mcu.externaltools.gnu-tools-for-stm32.14.3.rel1.win32_1.0.100.202602081740/tools/bin/../lib/gcc/arm-none-eabi/14.3.1/thumb/v7e-m+fp/hard\libgcc.a(_aeabi_uldivmod.o)
 .ARM.attributes
                0x00000649       0x34 D:/STM32CubeIDE_2.0.0/STM32CubeIDE/plugins/com.st.stm32cube.ide.mcu.externaltools.gnu-tools-for-stm32.14.3.rel1.win32_1.0.100.202602081740/tools/bin/../lib/gcc/arm-none-eabi/14.3.1/thumb/v7e-m+fp/hard\libgcc.a(_udivmoddi4.o)
 .ARM.attributes
                0x0000067d       0x22 D:/STM32CubeIDE_2.0.0/STM32CubeIDE/plugins/com.st.stm32cube.ide.mcu.externaltools.gnu-tools-for-stm32.14.3.rel1.win32_1.0.100.202602081740/tools/bin/../lib/gcc/arm-none-eabi/14.3.1/thumb/v7e-m+fp/hard\libgcc.a(_dvmd_tls.o)
 .ARM.attributes
                0x0000069f       0x22 D:/STM32CubeIDE_2.0.0/STM32CubeIDE/plugins/com.st.stm32cube.ide.mcu.externaltools.gnu-tools-for-stm32.14.3.rel1.win32_1.0.100.202602081740/tools/bin/../lib/gcc/arm-none-eabi/14.3.1/thumb/v7e-m+fp/hard/crtn.o
OUTPUT(MP3.elf elf32-littlearm)
LOAD linker stubs
LOAD D:/STM32CubeIDE_2.0.0/STM32CubeIDE/plugins/com.st.stm32cube.ide.mcu.externaltools.gnu-tools-for-stm32.14.3.rel1.win32_1.0.100.202602081740/tools/bin/../lib/gcc/arm-none-eabi/14.3.1/../../../../arm-none-eabi/lib/thumb/v7e-m+fp/hard\libc.a
LOAD D:/STM32CubeIDE_2.0.0/STM32CubeIDE/plugins/com.st.stm32cube.ide.mcu.externaltools.gnu-tools-for-stm32.14.3.rel1.win32_1.0.100.202602081740/tools/bin/../lib/gcc/arm-none-eabi/14.3.1/../../../../arm-none-eabi/lib/thumb/v7e-m+fp/hard\libm.a
LOAD D:/STM32CubeIDE_2.0.0/STM32CubeIDE/plugins/com.st.stm32cube.ide.mcu.externaltools.gnu-tools-for-stm32.14.3.rel1.win32_1.0.100.202602081740/tools/bin/../lib/gcc/arm-none-eabi/14.3.1/thumb/v7e-m+fp/hard\libgcc.a

.debug_info     0x00000000     0xe8b0
 .debug_info    0x00000000      0x944 ./Drivers/STM32F4xx_HAL_Driver/stm32f4xx_hal.o
 .debug_info    0x00000944      0xd8c ./Drivers/STM32F4xx_HAL_Driver/stm32f4xx_hal_cortex.o
 .debug_info    0x000016d0      0x8e7 ./Drivers/STM32F4xx_HAL_Driver/stm32f4xx_hal_dma.o
 .debug_info    0x00001fb7      0x6c3 ./Drivers/STM32F4xx_HAL_Driver/stm32f4xx_hal_gpio.o
 .debug_info    0x0000267a     0x2415 ./Drivers/STM32F4xx_HAL_Driver/stm32f4xx_hal_i2c.o
 .debug_info    0x00004a8f      0xe02 ./Drivers/STM32F4xx_HAL_Driver/stm32f4xx_hal_i2s.o
 .debug_info    0x00005891      0xaae ./Drivers/STM32F4xx_HAL_Driver/stm32f4xx_hal_i2s_ex.o
 .debug_info    0x0000633f      0x8c3 ./Drivers/STM32F4xx_HAL_Driver/stm32f4xx_hal_rcc.o
 .debug_info    0x00006c02      0x536 ./Drivers/STM32F4xx_HAL_Driver/stm32f4xx_hal_rcc_ex.o
 .debug_info    0x00007138     0x1525 ./Drivers/STM32F4xx_HAL_Driver/stm32f4xx_hal_spi.o
 .debug_info    0x0000865d      0x7fb ./Src/cs43l22.o
 .debug_info    0x00008e58      0x459 ./Src/gpio.o
 .debug_info    0x000092b1      0x968 ./Src/i2c.o
 .debug_info    0x00009c19      0x5e0 ./Src/i2s.o
 .debug_info    0x0000a1f9      0x766 ./Src/main.o
 .debug_info    0x0000a95f       0xf8 ./Src/mp3_data.o
 .debug_info    0x0000aa57      0x580 ./Src/mp3_decoder.o
 .debug_info    0x0000afd7      0x67b ./Src/mp3_player.o
 .debug_info    0x0000b652      0x94d ./Src/spi.o
 .debug_info    0x0000bf9f      0xd01 ./Src/stm32f4xx_hal_msp.o
 .debug_info    0x0000cca0      0x3a9 ./Src/stm32f4xx_it.o
 .debug_info    0x0000d049      0x512 ./Src/system_stm32f4xx.o
 .debug_info    0x0000d55b      0x524 ./Src/wav_data.o
 .debug_info    0x0000da7f      0xe01 ./Src/wav_player.o
 .debug_info    0x0000e880       0x30 ./Startup/startup_stm32f407vgtx.o

.debug_abbrev   0x00000000     0x3042
 .debug_abbrev  0x00000000      0x214 ./Drivers/STM32F4xx_HAL_Driver/stm32f4xx_hal.o
 .debug_abbrev  0x00000214      0x31d ./Drivers/STM32F4xx_HAL_Driver/stm32f4xx_hal_cortex.o
 .debug_abbrev  0x00000531      0x264 ./Drivers/STM32F4xx_HAL_Driver/stm32f4xx_hal_dma.o
 .debug_abbrev  0x00000795      0x1d4 ./Drivers/STM32F4xx_HAL_Driver/stm32f4xx_hal_gpio.o
 .debug_abbrev  0x00000969      0x2ad ./Drivers/STM32F4xx_HAL_Driver/stm32f4xx_hal_i2c.o
 .debug_abbrev  0x00000c16      0x25d ./Drivers/STM32F4xx_HAL_Driver/stm32f4xx_hal_i2s.o
 .debug_abbrev  0x00000e73      0x276 ./Drivers/STM32F4xx_HAL_Driver/stm32f4xx_hal_i2s_ex.o
 .debug_abbrev  0x000010e9      0x2b7 ./Drivers/STM32F4xx_HAL_Driver/stm32f4xx_hal_rcc.o
 .debug_abbrev  0x000013a0      0x1b0 ./Drivers/STM32F4xx_HAL_Driver/stm32f4xx_hal_rcc_ex.o
 .debug_abbrev  0x00001550      0x27a ./Drivers/STM32F4xx_HAL_Driver/stm32f4xx_hal_spi.o
 .debug_abbrev  0x000017ca      0x1ee ./Src/cs43l22.o
 .debug_abbrev  0x000019b8      0x152 ./Src/gpio.o
 .debug_abbrev  0x00001b0a      0x1f1 ./Src/i2c.o
 .debug_abbrev  0x00001cfb      0x166 ./Src/i2s.o
 .debug_abbrev  0x00001e61      0x21e ./Src/main.o
 .debug_abbrev  0x0000207f       0x8a ./Src/mp3_data.o
 .debug_abbrev  0x00002109      0x1b5 ./Src/mp3_decoder.o
 .debug_abbrev  0x000022be      0x21c ./Src/mp3_player.o
 .debug_abbrev  0x000024da      0x1fa ./Src/spi.o
 .debug_abbrev  0x000026d4      0x1ff ./Src/stm32f4xx_hal_msp.o
 .debug_abbrev  0x000028d3      0x169 ./Src/stm32f4xx_it.o
 .debug_abbrev  0x00002a3c      0x11a ./Src/system_stm32f4xx.o
 .debug_abbrev  0x00002b56      0x1b0 ./Src/wav_data.o
 .debug_abbrev  0x00002d06      0x318 ./Src/wav_player.o
 .debug_abbrev  0x0000301e       0x24 ./Startup/startup_stm32f407vgtx.o

.debug_aranges  0x00000000      0xdb0
 .debug_aranges
                0x00000000       0xf0 ./Drivers/STM32F4xx_HAL_Driver/stm32f4xx_hal.o
 .debug_aranges
                0x000000f0      0x130 ./Drivers/STM32F4xx_HAL_Driver/stm32f4xx_hal_cortex.o
 .debug_aranges
                0x00000220       0x90 ./Drivers/STM32F4xx_HAL_Driver/stm32f4xx_hal_dma.o
 .debug_aranges
                0x000002b0       0x58 ./Drivers/STM32F4xx_HAL_Driver/stm32f4xx_hal_gpio.o
 .debug_aranges
                0x00000308      0x2a8 ./Drivers/STM32F4xx_HAL_Driver/stm32f4xx_hal_i2c.o
 .debug_aranges
                0x000005b0      0x108 ./Drivers/STM32F4xx_HAL_Driver/stm32f4xx_hal_i2s.o
 .debug_aranges
                0x000006b8       0x88 ./Drivers/STM32F4xx_HAL_Driver/stm32f4xx_hal_i2s_ex.o
 .debug_aranges
                0x00000740       0x88 ./Drivers/STM32F4xx_HAL_Driver/stm32f4xx_hal_rcc.o
 .debug_aranges
                0x000007c8       0x48 ./Drivers/STM32F4xx_HAL_Driver/stm32f4xx_hal_rcc_ex.o
 .debug_aranges
                0x00000810      0x1d0 ./Drivers/STM32F4xx_HAL_Driver/stm32f4xx_hal_spi.o
 .debug_aranges
                0x000009e0       0x48 ./Src/cs43l22.o
 .debug_aranges
                0x00000a28       0x20 ./Src/gpio.o
 .debug_aranges
                0x00000a48       0x30 ./Src/i2c.o
 .debug_aranges
                0x00000a78       0x20 ./Src/i2s.o
 .debug_aranges
                0x00000a98       0x30 ./Src/main.o
 .debug_aranges
                0x00000ac8       0x28 ./Src/mp3_data.o
 .debug_aranges
                0x00000af0       0x58 ./Src/mp3_decoder.o
 .debug_aranges
                0x00000b48       0x58 ./Src/mp3_player.o
 .debug_aranges
                0x00000ba0       0x30 ./Src/spi.o
 .debug_aranges
                0x00000bd0       0x30 ./Src/stm32f4xx_hal_msp.o
 .debug_aranges
                0x00000c00       0x68 ./Src/stm32f4xx_it.o
 .debug_aranges
                0x00000c68       0x28 ./Src/system_stm32f4xx.o
 .debug_aranges
                0x00000c90       0x60 ./Src/wav_data.o
 .debug_aranges
                0x00000cf0       0x98 ./Src/wav_player.o
 .debug_aranges
                0x00000d88       0x28 ./Startup/startup_stm32f407vgtx.o

.debug_rnglists
                0x00000000      0xa8b
 .debug_rnglists
                0x00000000       0xaf ./Drivers/STM32F4xx_HAL_Driver/stm32f4xx_hal.o
 .debug_rnglists
                0x000000af       0xe0 ./Drivers/STM32F4xx_HAL_Driver/stm32f4xx_hal_cortex.o
 .debug_rnglists
                0x0000018f       0x70 ./Drivers/STM32F4xx_HAL_Driver/stm32f4xx_hal_dma.o
 .debug_rnglists
                0x000001ff       0x3f ./Drivers/STM32F4xx_HAL_Driver/stm32f4xx_hal_gpio.o
 .debug_rnglists
                0x0000023e      0x23c ./Drivers/STM32F4xx_HAL_Driver/stm32f4xx_hal_i2c.o
 .debug_rnglists
                0x0000047a       0xcc ./Drivers/STM32F4xx_HAL_Driver/stm32f4xx_hal_i2s.o
 .debug_rnglists
                0x00000546       0x6a ./Drivers/STM32F4xx_HAL_Driver/stm32f4xx_hal_i2s_ex.o
 .debug_rnglists
                0x000005b0       0x66 ./Drivers/STM32F4xx_HAL_Driver/stm32f4xx_hal_rcc.o
 .debug_rnglists
                0x00000616       0x35 ./Drivers/STM32F4xx_HAL_Driver/stm32f4xx_hal_rcc_ex.o
 .debug_rnglists
                0x0000064b      0x16f ./Drivers/STM32F4xx_HAL_Driver/stm32f4xx_hal_spi.o
 .debug_rnglists
                0x000007ba       0x32 ./Src/cs43l22.o
 .debug_rnglists
                0x000007ec       0x14 ./Src/gpio.o
 .debug_rnglists
                0x00000800       0x20 ./Src/i2c.o
 .debug_rnglists
                0x00000820       0x13 ./Src/i2s.o
 .debug_rnglists
                0x00000833       0x21 ./Src/main.o
 .debug_rnglists
                0x00000854       0x19 ./Src/mp3_data.o
 .debug_rnglists
                0x0000086d       0x40 ./Src/mp3_decoder.o
 .debug_rnglists
                0x000008ad       0x40 ./Src/mp3_player.o
 .debug_rnglists
                0x000008ed       0x20 ./Src/spi.o
 .debug_rnglists
                0x0000090d       0x20 ./Src/stm32f4xx_hal_msp.o
 .debug_rnglists
                0x0000092d       0x49 ./Src/stm32f4xx_it.o
 .debug_rnglists
                0x00000976       0x1a ./Src/system_stm32f4xx.o
 .debug_rnglists
                0x00000990       0x46 ./Src/wav_data.o
 .debug_rnglists
                0x000009d6       0x9c ./Src/wav_player.o
 .debug_rnglists
                0x00000a72       0x19 ./Startup/startup_stm32f407vgtx.o

.debug_macro    0x00000000    0x21f07
 .debug_macro   0x00000000      0x24d ./Drivers/STM32F4xx_HAL_Driver/stm32f4xx_hal.o
 .debug_macro   0x0000024d      0xad8 ./Drivers/STM32F4xx_HAL_Driver/stm32f4xx_hal.o
 .debug_macro   0x00000d25      0x2a1 ./Drivers/STM32F4xx_HAL_Driver/stm32f4xx_hal.o
 .debug_macro   0x00000fc6       0x2e ./Drivers/STM32F4xx_HAL_Driver/stm32f4xx_hal.o
 .debug_macro   0x00000ff4       0x2f ./Drivers/STM32F4xx_HAL_Driver/stm32f4xx_hal.o
 .debug_macro   0x00001023       0x22 ./Drivers/STM32F4xx_HAL_Driver/stm32f4xx_hal.o
 .debug_macro   0x00001045       0x8e ./Drivers/STM32F4xx_HAL_Driver/stm32f4xx_hal.o
 .debug_macro   0x000010d3       0x51 ./Drivers/STM32F4xx_HAL_Driver/stm32f4xx_hal.o
 .debug_macro   0x00001124      0x103 ./Drivers/STM32F4xx_HAL_Driver/stm32f4xx_hal.o
 .debug_macro   0x00001227       0x6a ./Drivers/STM32F4xx_HAL_Driver/stm32f4xx_hal.o
 .debug_macro   0x00001291      0x1df ./Drivers/STM32F4xx_HAL_Driver/stm32f4xx_hal.o
 .debug_macro   0x00001470       0x1c ./Drivers/STM32F4xx_HAL_Driver/stm32f4xx_hal.o
 .debug_macro   0x0000148c       0x22 ./Drivers/STM32F4xx_HAL_Driver/stm32f4xx_hal.o
 .debug_macro   0x000014ae       0xfb ./Drivers/STM32F4xx_HAL_Driver/stm32f4xx_hal.o
 .debug_macro   0x000015a9     0x1011 ./Drivers/STM32F4xx_HAL_Driver/stm32f4xx_hal.o
 .debug_macro   0x000025ba      0x11f ./Drivers/STM32F4xx_HAL_Driver/stm32f4xx_hal.o
 .debug_macro   0x000026d9    0x15ea5 ./Drivers/STM32F4xx_HAL_Driver/stm32f4xx_hal.o
 .debug_macro   0x0001857e       0x6d ./Drivers/STM32F4xx_HAL_Driver/stm32f4xx_hal.o
 .debug_macro   0x000185eb     0x3693 ./Drivers/STM32F4xx_HAL_Driver/stm32f4xx_hal.o
 .debug_macro   0x0001bc7e      0x190 ./Drivers/STM32F4xx_HAL_Driver/stm32f4xx_hal.o
 .debug_macro   0x0001be0e       0x5c ./Drivers/STM32F4xx_HAL_Driver/stm32f4xx_hal.o
 .debug_macro   0x0001be6a      0x980 ./Drivers/STM32F4xx_HAL_Driver/stm32f4xx_hal.o
 .debug_macro   0x0001c7ea      0x9e9 ./Drivers/STM32F4xx_HAL_Driver/stm32f4xx_hal.o
 .debug_macro   0x0001d1d3      0x115 ./Drivers/STM32F4xx_HAL_Driver/stm32f4xx_hal.o
 .debug_macro   0x0001d2e8      0x13e ./Drivers/STM32F4xx_HAL_Driver/stm32f4xx_hal.o
 .debug_macro   0x0001d426       0xa5 ./Drivers/STM32F4xx_HAL_Driver/stm32f4xx_hal.o
 .debug_macro   0x0001d4cb      0x174 ./Drivers/STM32F4xx_HAL_Driver/stm32f4xx_hal.o
 .debug_macro   0x0001d63f      0x287 ./Drivers/STM32F4xx_HAL_Driver/stm32f4xx_hal.o
 .debug_macro   0x0001d8c6       0x5f ./Drivers/STM32F4xx_HAL_Driver/stm32f4xx_hal.o
 .debug_macro   0x0001d925      0x236 ./Drivers/STM32F4xx_HAL_Driver/stm32f4xx_hal.o
 .debug_macro   0x0001db5b      0x12c ./Drivers/STM32F4xx_HAL_Driver/stm32f4xx_hal.o
 .debug_macro   0x0001dc87      0x21e ./Drivers/STM32F4xx_HAL_Driver/stm32f4xx_hal.o
 .debug_macro   0x0001dea5       0x2e ./Drivers/STM32F4xx_HAL_Driver/stm32f4xx_hal.o
 .debug_macro   0x0001ded3      0x1b5 ./Drivers/STM32F4xx_HAL_Driver/stm32f4xx_hal.o
 .debug_macro   0x0001e088       0xd6 ./Drivers/STM32F4xx_HAL_Driver/stm32f4xx_hal.o
 .debug_macro   0x0001e15e      0x1a7 ./Drivers/STM32F4xx_HAL_Driver/stm32f4xx_hal.o
 .debug_macro   0x0001e305       0x46 ./Drivers/STM32F4xx_HAL_Driver/stm32f4xx_hal.o
 .debug_macro   0x0001e34b       0x4a ./Drivers/STM32F4xx_HAL_Driver/stm32f4xx_hal.o
 .debug_macro   0x0001e395      0x127 ./Drivers/STM32F4xx_HAL_Driver/stm32f4xx_hal.o
 .debug_macro   0x0001e4bc       0x7e ./Drivers/STM32F4xx_HAL_Driver/stm32f4xx_hal.o
 .debug_macro   0x0001e53a       0x89 ./Drivers/STM32F4xx_HAL_Driver/stm32f4xx_hal.o
 .debug_macro   0x0001e5c3      0x225 ./Drivers/STM32F4xx_HAL_Driver/stm32f4xx_hal.o
 .debug_macro   0x0001e7e8      0x12d ./Drivers/STM32F4xx_HAL_Driver/stm32f4xx_hal.o
 .debug_macro   0x0001e915      0x1ed ./Drivers/STM32F4xx_HAL_Driver/stm32f4xx_hal_cortex.o
 .debug_macro   0x0001eb02      0x1f3 ./Drivers/STM32F4xx_HAL_Driver/stm32f4xx_hal_dma.o
 .debug_macro   0x0001ecf5      0x1f3 ./Drivers/STM32F4xx_HAL_Driver/stm32f4xx_hal_gpio.o
 .debug_macro   0x0001eee8      0x23b ./Drivers/STM32F4xx_HAL_Driver/stm32f4xx_hal_i2c.o
 .debug_macro   0x0001f123      0x1f5 ./Drivers/STM32F4xx_HAL_Driver/stm32f4xx_hal_i2s.o
 .debug_macro   0x0001f318      0x1ed ./Drivers/STM32F4xx_HAL_Driver/stm32f4xx_hal_i2s_ex.o
 .debug_macro   0x0001f505      0x211 ./Drivers/STM32F4xx_HAL_Driver/stm32f4xx_hal_rcc.o
 .debug_macro   0x0001f716      0x1ed ./Drivers/STM32F4xx_HAL_Driver/stm32f4xx_hal_rcc_ex.o
 .debug_macro   0x0001f903      0x1fc ./Drivers/STM32F4xx_HAL_Driver/stm32f4xx_hal_spi.o
 .debug_macro   0x0001faff      0x21b ./Src/cs43l22.o
 .debug_macro   0x0001fd1a      0x190 ./Src/cs43l22.o
 .debug_macro   0x0001feaa       0xd6 ./Src/cs43l22.o
 .debug_macro   0x0001ff80      0x206 ./Src/gpio.o
 .debug_macro   0x00020186      0x206 ./Src/i2c.o
 .debug_macro   0x0002038c      0x206 ./Src/i2s.o
 .debug_macro   0x00020592      0x26e ./Src/main.o
 .debug_macro   0x00020800       0xdc ./Src/main.o
 .debug_macro   0x000208dc       0x16 ./Src/main.o
 .debug_macro   0x000208f2       0x76 ./Src/mp3_data.o
 .debug_macro   0x00020968       0x87 ./Src/mp3_decoder.o
 .debug_macro   0x000209ef      0x16d ./Src/mp3_player.o
 .debug_macro   0x00020b5c       0x61 ./Src/mp3_player.o
 .debug_macro   0x00020bbd       0x2a ./Src/mp3_player.o
 .debug_macro   0x00020be7       0x43 ./Src/mp3_player.o
 .debug_macro   0x00020c2a       0x34 ./Src/mp3_player.o
 .debug_macro   0x00020c5e      0x364 ./Src/mp3_player.o
 .debug_macro   0x00020fc2       0x16 ./Src/mp3_player.o
 .debug_macro   0x00020fd8       0x4a ./Src/mp3_player.o
 .debug_macro   0x00021022       0x34 ./Src/mp3_player.o
 .debug_macro   0x00021056       0x10 ./Src/mp3_player.o
 .debug_macro   0x00021066       0x58 ./Src/mp3_player.o
 .debug_macro   0x000210be       0x8e ./Src/mp3_player.o
 .debug_macro   0x0002114c       0x1c ./Src/mp3_player.o
 .debug_macro   0x00021168      0x17e ./Src/mp3_player.o
 .debug_macro   0x000212e6       0x10 ./Src/mp3_player.o
 .debug_macro   0x000212f6       0x3c ./Src/mp3_player.o
 .debug_macro   0x00021332       0x20 ./Src/mp3_player.o
 .debug_macro   0x00021352      0x206 ./Src/spi.o
 .debug_macro   0x00021558      0x20a ./Src/stm32f4xx_hal_msp.o
 .debug_macro   0x00021762      0x214 ./Src/stm32f4xx_it.o
 .debug_macro   0x00021976      0x1ed ./Src/system_stm32f4xx.o
 .debug_macro   0x00021b63       0xa4 ./Src/wav_data.o
 .debug_macro   0x00021c07      0x300 ./Src/wav_player.o

.debug_line     0x00000000    0x15032
 .debug_line    0x00000000      0xb7b ./Drivers/STM32F4xx_HAL_Driver/stm32f4xx_hal.o
 .debug_line    0x00000b7b      0xe48 ./Drivers/STM32F4xx_HAL_Driver/stm32f4xx_hal_cortex.o
 .debug_line    0x000019c3     0x10e4 ./Drivers/STM32F4xx_HAL_Driver/stm32f4xx_hal_dma.o
 .debug_line    0x00002aa7      0xccd ./Drivers/STM32F4xx_HAL_Driver/stm32f4xx_hal_gpio.o
 .debug_line    0x00003774     0x3c25 ./Drivers/STM32F4xx_HAL_Driver/stm32f4xx_hal_i2c.o
 .debug_line    0x00007399     0x14d0 ./Drivers/STM32F4xx_HAL_Driver/stm32f4xx_hal_i2s.o
 .debug_line    0x00008869     0x13d0 ./Drivers/STM32F4xx_HAL_Driver/stm32f4xx_hal_i2s_ex.o
 .debug_line    0x00009c39      0xf87 ./Drivers/STM32F4xx_HAL_Driver/stm32f4xx_hal_rcc.o
 .debug_line    0x0000abc0      0xbe7 ./Drivers/STM32F4xx_HAL_Driver/stm32f4xx_hal_rcc_ex.o
 .debug_line    0x0000b7a7     0x1e13 ./Drivers/STM32F4xx_HAL_Driver/stm32f4xx_hal_spi.o
 .debug_line    0x0000d5ba      0x906 ./Src/cs43l22.o
 .debug_line    0x0000dec0      0x8d7 ./Src/gpio.o
 .debug_line    0x0000e797      0x8b6 ./Src/i2c.o
 .debug_line    0x0000f04d      0x867 ./Src/i2s.o
 .debug_line    0x0000f8b4      0x977 ./Src/main.o
 .debug_line    0x0001022b      0x438 ./Src/mp3_data.o
 .debug_line    0x00010663      0x6ad ./Src/mp3_decoder.o
 .debug_line    0x00010d10      0x819 ./Src/mp3_player.o
 .debug_line    0x00011529      0x8be ./Src/spi.o
 .debug_line    0x00011de7      0x8f8 ./Src/stm32f4xx_hal_msp.o
 .debug_line    0x000126df      0x918 ./Src/stm32f4xx_it.o
 .debug_line    0x00012ff7      0x8be ./Src/system_stm32f4xx.o
 .debug_line    0x000138b5      0x6c0 ./Src/wav_data.o
 .debug_line    0x00013f75     0x1043 ./Src/wav_player.o
 .debug_line    0x00014fb8       0x7a ./Startup/startup_stm32f407vgtx.o

.debug_str      0x00000000    0xc757a
 .debug_str     0x00000000    0xc757a ./Drivers/STM32F4xx_HAL_Driver/stm32f4xx_hal.o
                              0xc01af (size before relaxing)
 .debug_str     0x000c757a    0xbff2b ./Drivers/STM32F4xx_HAL_Driver/stm32f4xx_hal_cortex.o
 .debug_str     0x000c757a    0xbfa45 ./Drivers/STM32F4xx_HAL_Driver/stm32f4xx_hal_dma.o
 .debug_str     0x000c757a    0xbf7a6 ./Drivers/STM32F4xx_HAL_Driver/stm32f4xx_hal_gpio.o
 .debug_str     0x000c757a    0xc0649 ./Drivers/STM32F4xx_HAL_Driver/stm32f4xx_hal_i2c.o
 .debug_str     0x000c757a    0xbfc1c ./Drivers/STM32F4xx_HAL_Driver/stm32f4xx_hal_i2s.o
 .debug_str     0x000c757a    0xbfb1e ./Drivers/STM32F4xx_HAL_Driver/stm32f4xx_hal_i2s_ex.o
 .debug_str     0x000c757a    0xbfa5f ./Drivers/STM32F4xx_HAL_Driver/stm32f4xx_hal_rcc.o
 .debug_str     0x000c757a    0xbf77d ./Drivers/STM32F4xx_HAL_Driver/stm32f4xx_hal_rcc_ex.o
 .debug_str     0x000c757a    0xbfee9 ./Drivers/STM32F4xx_HAL_Driver/stm32f4xx_hal_spi.o
 .debug_str     0x000c757a    0xc0530 ./Src/cs43l22.o
 .debug_str     0x000c757a    0xbfc7d ./Src/gpio.o
 .debug_str     0x000c757a    0xc019a ./Src/i2c.o
 .debug_str     0x000c757a    0xbff2d ./Src/i2s.o
 .debug_str     0x000c757a    0xc04a9 ./Src/main.o
 .debug_str     0x000c757a     0x4129 ./Src/mp3_data.o
 .debug_str     0x000c757a     0x44ec ./Src/mp3_decoder.o
 .debug_str     0x000c757a     0x7745 ./Src/mp3_player.o
 .debug_str     0x000c757a    0xc00f7 ./Src/spi.o
 .debug_str     0x000c757a    0xc06f6 ./Src/stm32f4xx_hal_msp.o
 .debug_str     0x000c757a    0xbfdc9 ./Src/stm32f4xx_it.o
 .debug_str     0x000c757a    0xbf5eb ./Src/system_stm32f4xx.o
 .debug_str     0x000c757a     0x4450 ./Src/wav_data.o
 .debug_str     0x000c757a    0xc3477 ./Src/wav_player.o
 .debug_str     0x000c757a       0x5e ./Startup/startup_stm32f407vgtx.o

.comment        0x00000000       0x43
 .comment       0x00000000       0x43 ./Drivers/STM32F4xx_HAL_Driver/stm32f4xx_hal.o
                                 0x44 (size before relaxing)
 .comment       0x00000043       0x44 ./Drivers/STM32F4xx_HAL_Driver/stm32f4xx_hal_cortex.o
 .comment       0x00000043       0x44 ./Drivers/STM32F4xx_HAL_Driver/stm32f4xx_hal_dma.o
 .comment       0x00000043       0x44 ./Drivers/STM32F4xx_HAL_Driver/stm32f4xx_hal_gpio.o
 .comment       0x00000043       0x44 ./Drivers/STM32F4xx_HAL_Driver/stm32f4xx_hal_i2c.o
 .comment       0x00000043       0x44 ./Drivers/STM32F4xx_HAL_Driver/stm32f4xx_hal_i2s.o
 .comment       0x00000043       0x44 ./Drivers/STM32F4xx_HAL_Driver/stm32f4xx_hal_i2s_ex.o
 .comment       0x00000043       0x44 ./Drivers/STM32F4xx_HAL_Driver/stm32f4xx_hal_rcc.o
 .comment       0x00000043       0x44 ./Drivers/STM32F4xx_HAL_Driver/stm32f4xx_hal_rcc_ex.o
 .comment       0x00000043       0x44 ./Drivers/STM32F4xx_HAL_Driver/stm32f4xx_hal_spi.o
 .comment       0x00000043       0x44 ./Src/cs43l22.o
 .comment       0x00000043       0x44 ./Src/gpio.o
 .comment       0x00000043       0x44 ./Src/i2c.o
 .comment       0x00000043       0x44 ./Src/i2s.o
 .comment       0x00000043       0x44 ./Src/main.o
 .comment       0x00000043       0x44 ./Src/mp3_data.o
 .comment       0x00000043       0x44 ./Src/mp3_decoder.o
 .comment       0x00000043       0x44 ./Src/mp3_player.o
 .comment       0x00000043       0x44 ./Src/spi.o
 .comment       0x00000043       0x44 ./Src/stm32f4xx_hal_msp.o
 .comment       0x00000043       0x44 ./Src/stm32f4xx_it.o
 .comment       0x00000043       0x44 ./Src/system_stm32f4xx.o
 .comment       0x00000043       0x44 ./Src/wav_data.o
 .comment       0x00000043       0x44 ./Src/wav_player.o

.debug_frame    0x00000000     0x33d0
 .debug_frame   0x00000000      0x31c ./Drivers/STM32F4xx_HAL_Driver/stm32f4xx_hal.o
 .debug_frame   0x0000031c      0x4b8 ./Drivers/STM32F4xx_HAL_Driver/stm32f4xx_hal_cortex.o
 .debug_frame   0x000007d4      0x230 ./Drivers/STM32F4xx_HAL_Driver/stm32f4xx_hal_dma.o
 .debug_frame   0x00000a04      0x130 ./Drivers/STM32F4xx_HAL_Driver/stm32f4xx_hal_gpio.o
 .debug_frame   0x00000b34      0xbf4 ./Drivers/STM32F4xx_HAL_Driver/stm32f4xx_hal_i2c.o
 .debug_frame   0x00001728      0x450 ./Drivers/STM32F4xx_HAL_Driver/stm32f4xx_hal_i2s.o
 .debug_frame   0x00001b78      0x214 ./Drivers/STM32F4xx_HAL_Driver/stm32f4xx_hal_i2s_ex.o
 .debug_frame   0x00001d8c      0x1d8 ./Drivers/STM32F4xx_HAL_Driver/stm32f4xx_hal_rcc.o
 .debug_frame   0x00001f64       0xe8 ./Drivers/STM32F4xx_HAL_Driver/stm32f4xx_hal_rcc_ex.o
 .debug_frame   0x0000204c      0x7e0 ./Drivers/STM32F4xx_HAL_Driver/stm32f4xx_hal_spi.o
 .debug_frame   0x0000282c       0xd4 ./Src/cs43l22.o
 .debug_frame   0x00002900       0x38 ./Src/gpio.o
 .debug_frame   0x00002938       0x74 ./Src/i2c.o
 .debug_frame   0x000029ac       0x2c ./Src/i2s.o
 .debug_frame   0x000029d8       0x6c ./Src/main.o
 .debug_frame   0x00002a44       0x48 ./Src/mp3_data.o
 .debug_frame   0x00002a8c      0x13c ./Src/mp3_decoder.o
 .debug_frame   0x00002bc8      0x130 ./Src/mp3_player.o
 .debug_frame   0x00002cf8       0x74 ./Src/spi.o
 .debug_frame   0x00002d6c       0x7c ./Src/stm32f4xx_hal_msp.o
 .debug_frame   0x00002de8      0x114 ./Src/stm32f4xx_it.o
 .debug_frame   0x00002efc       0x50 ./Src/system_stm32f4xx.o
 .debug_frame   0x00002f4c      0x14c ./Src/wav_data.o
 .debug_frame   0x00003098      0x23c ./Src/wav_player.o
 .debug_frame   0x000032d4       0x28 D:/STM32CubeIDE_2.0.0/STM32CubeIDE/plugins/com.st.stm32cube.ide.mcu.externaltools.gnu-tools-for-stm32.14.3.rel1.win32_1.0.100.202602081740/tools/bin/../lib/gcc/arm-none-eabi/14.3.1/../../../../arm-none-eabi/lib/thumb/v7e-m+fp/hard\libc_nano.a(libc_a-memcmp.o)
 .debug_frame   0x000032fc       0x20 D:/STM32CubeIDE_2.0.0/STM32CubeIDE/plugins/com.st.stm32cube.ide.mcu.externaltools.gnu-tools-for-stm32.14.3.rel1.win32_1.0.100.202602081740/tools/bin/../lib/gcc/arm-none-eabi/14.3.1/../../../../arm-none-eabi/lib/thumb/v7e-m+fp/hard\libc_nano.a(libc_a-memset.o)
 .debug_frame   0x0000331c       0x2c D:/STM32CubeIDE_2.0.0/STM32CubeIDE/plugins/com.st.stm32cube.ide.mcu.externaltools.gnu-tools-for-stm32.14.3.rel1.win32_1.0.100.202602081740/tools/bin/../lib/gcc/arm-none-eabi/14.3.1/../../../../arm-none-eabi/lib/thumb/v7e-m+fp/hard\libc_nano.a(libc_a-init.o)
 .debug_frame   0x00003348       0x28 D:/STM32CubeIDE_2.0.0/STM32CubeIDE/plugins/com.st.stm32cube.ide.mcu.externaltools.gnu-tools-for-stm32.14.3.rel1.win32_1.0.100.202602081740/tools/bin/../lib/gcc/arm-none-eabi/14.3.1/../../../../arm-none-eabi/lib/thumb/v7e-m+fp/hard\libc_nano.a(libc_a-memcpy-stub.o)
 .debug_frame   0x00003370       0x2c D:/STM32CubeIDE_2.0.0/STM32CubeIDE/plugins/com.st.stm32cube.ide.mcu.externaltools.gnu-tools-for-stm32.14.3.rel1.win32_1.0.100.202602081740/tools/bin/../lib/gcc/arm-none-eabi/14.3.1/thumb/v7e-m+fp/hard\libgcc.a(_aeabi_uldivmod.o)
 .debug_frame   0x0000339c       0x34 D:/STM32CubeIDE_2.0.0/STM32CubeIDE/plugins/com.st.stm32cube.ide.mcu.externaltools.gnu-tools-for-stm32.14.3.rel1.win32_1.0.100.202602081740/tools/bin/../lib/gcc/arm-none-eabi/14.3.1/thumb/v7e-m+fp/hard\libgcc.a(_udivmoddi4.o)

.debug_line_str
                0x00000000       0x42
 .debug_line_str
                0x00000000       0x42 ./Startup/startup_stm32f407vgtx.o
