../Src/wav_data.c:19:13:wav_write_u32le	16	static
../Src/wav_data.c:27:13:wav_write_u16le	16	static
../Src/wav_data.c:33:13:wav_build_header	24	static
../Src/wav_data.c:77:16:sin_q15_from_phase	24	static
../Src/wav_data.c:92:17:note_frequency_for_frame	24	static
../Src/wav_data.c:101:12:Embedded_MP3ish_Generator	136	static
../Src/wav_data.c:147:6:WAV_Data_Init	8	static
../Src/wav_data.c:158:25:WAV_Data_GetEmbeddedClip	4	static
../Src/wav_data.c:164:10:WAV_Data_GetEmbeddedClipDurationMs	4	static
