../Src/wav_player.c:28:17:rd_u32le	16	static
../Src/wav_player.c:33:17:rd_u16le	16	static
../Src/wav_player.c:38:12:WAV_Player_ValidateHeader	48	static
../Src/wav_player.c:86:13:WAV_Player_PackPcmToI2S	32	static
../Src/wav_player.c:99:12:WAV_Player_FillDmaHalf	24	static
../Src/wav_player.c:131:5:WAV_Player_PlayFromMemory	1120	static
../Src/wav_player.c:240:5:WAV_Player_PlayGenerated	1624	static
../Src/wav_player.c:335:5:WAV_Player_PlayClip	32	static
../Src/wav_player.c:353:5:WAV_Player_StartClipDMA	24	static
../Src/wav_player.c:395:6:WAV_Player_Process	8	static
../Src/wav_player.c:409:9:WAV_Player_IsBusy	4	static
../Src/wav_player.c:414:9:WAV_Player_IsClipDone	4	static
../Src/wav_player.c:419:6:WAV_Player_StopDMA	8	static
../Src/wav_player.c:430:6:HAL_I2S_TxHalfCpltCallback	16	static
../Src/wav_player.c:445:6:HAL_I2S_TxCpltCallback	16	static
../Src/wav_player.c:462:6:HAL_I2S_ErrorCallback	16	static
